Command line invocation:
    /Applications/Xcode.app/Contents/Developer/usr/bin/xcodebuild -project Frutella.xcodeproj -scheme Frutella -destination "platform=iOS Simulator,name=iPhone 17 Pro" build

Resolve Package Graph


Resolved source packages:
  GTMSessionFetcher: https://github.com/google/gtm-session-fetcher.git @ 5.0.0
  GoogleUtilities: https://github.com/google/GoogleUtilities.git @ 8.1.0
  InteropForGoogle: https://github.com/google/interop-ios-for-google-sdks.git @ 101.0.0
  leveldb: https://github.com/firebase/leveldb.git @ 1.22.5
  Firebase: https://github.com/firebase/firebase-ios-sdk @ 12.9.0
  gRPC: https://github.com/google/grpc-binary.git @ 1.69.1
  AppCheck: https://github.com/google/app-check.git @ 11.2.0
  GoogleAdsOnDeviceConversion: https://github.com/googleads/google-ads-on-device-conversion-ios-sdk @ 3.2.0
  abseil: https://github.com/google/abseil-cpp-binary.git @ 1.2024072200.0
  Promises: https://github.com/google/promises.git @ 2.4.0
  nanopb: https://github.com/firebase/nanopb.git @ 2.30910.0
  GoogleAppMeasurement: https://github.com/google/GoogleAppMeasurement.git @ 12.8.0
  GoogleDataTransport: https://github.com/google/GoogleDataTransport.git @ 10.1.0

2026-03-12 12:00:35.371 xcodebuild[6050:98932] [MT] IDERunDestination: Supported platforms for the buildables in the current scheme is empty.
ComputePackagePrebuildTargetDependencyGraph

Prepare packages

CreateBuildRequest

SendProjectDescription

CreateBuildOperation

ComputeTargetDependencyGraph
note: Building targets in dependency order
note: Target dependency graph (52 targets)
    Target 'Frutella' in project 'Frutella'
        ➜ Explicit dependency on target 'FirebaseAnalytics' in project 'Firebase'
        ➜ Explicit dependency on target 'FirebaseMessaging' in project 'Firebase'
    Target 'FirebaseMessaging' in project 'Firebase'
        ➜ Explicit dependency on target 'FirebaseMessaging' in project 'Firebase'
        ➜ Explicit dependency on target 'Firebase_FirebaseMessaging' in project 'Firebase'
        ➜ Explicit dependency on target 'Firebase' in project 'Firebase'
        ➜ Explicit dependency on target 'FirebaseCoreInternal' in project 'Firebase'
        ➜ Explicit dependency on target 'FirebaseCore' in project 'Firebase'
        ➜ Explicit dependency on target 'FirebaseInstallations' in project 'Firebase'
        ➜ Explicit dependency on target 'GULNSData' in project 'GoogleUtilities'
        ➜ Explicit dependency on target 'GULEnvironment' in project 'GoogleUtilities'
        ➜ Explicit dependency on target 'GULLogger' in project 'GoogleUtilities'
        ➜ Explicit dependency on target 'FBLPromises' in project 'Promises'
        ➜ Explicit dependency on target 'GULUserDefaults' in project 'GoogleUtilities'
        ➜ Explicit dependency on target 'GULAppDelegateSwizzler' in project 'GoogleUtilities'
        ➜ Explicit dependency on target 'GULReachability' in project 'GoogleUtilities'
        ➜ Explicit dependency on target 'GoogleDataTransport' in project 'GoogleDataTransport'
        ➜ Explicit dependency on target 'nanopb' in project 'nanopb'
    Target 'FirebaseMessaging' in project 'Firebase'
        ➜ Explicit dependency on target 'Firebase_FirebaseMessaging' in project 'Firebase'
        ➜ Explicit dependency on target 'Firebase' in project 'Firebase'
        ➜ Explicit dependency on target 'FirebaseCoreInternal' in project 'Firebase'
        ➜ Explicit dependency on target 'FirebaseCore' in project 'Firebase'
        ➜ Explicit dependency on target 'FirebaseInstallations' in project 'Firebase'
        ➜ Explicit dependency on target 'GULNSData' in project 'GoogleUtilities'
        ➜ Explicit dependency on target 'GULEnvironment' in project 'GoogleUtilities'
        ➜ Explicit dependency on target 'GULLogger' in project 'GoogleUtilities'
        ➜ Explicit dependency on target 'FBLPromises' in project 'Promises'
        ➜ Explicit dependency on target 'GULUserDefaults' in project 'GoogleUtilities'
        ➜ Explicit dependency on target 'GULAppDelegateSwizzler' in project 'GoogleUtilities'
        ➜ Explicit dependency on target 'GULReachability' in project 'GoogleUtilities'
        ➜ Explicit dependency on target 'GoogleDataTransport' in project 'GoogleDataTransport'
        ➜ Explicit dependency on target 'nanopb' in project 'nanopb'
    Target 'GoogleDataTransport' in project 'GoogleDataTransport'
        ➜ Explicit dependency on target 'GoogleDataTransport' in project 'GoogleDataTransport'
        ➜ Explicit dependency on target 'GoogleDataTransport_GoogleDataTransport' in project 'GoogleDataTransport'
        ➜ Explicit dependency on target 'nanopb' in project 'nanopb'
        ➜ Explicit dependency on target 'FBLPromises' in project 'Promises'
    Target 'GoogleDataTransport' in project 'GoogleDataTransport'
        ➜ Explicit dependency on target 'GoogleDataTransport_GoogleDataTransport' in project 'GoogleDataTransport'
        ➜ Explicit dependency on target 'nanopb' in project 'nanopb'
        ➜ Explicit dependency on target 'FBLPromises' in project 'Promises'
    Target 'GoogleDataTransport_GoogleDataTransport' in project 'GoogleDataTransport' (no dependencies)
    Target 'GULReachability' in project 'GoogleUtilities'
        ➜ Explicit dependency on target 'GoogleUtilities-Reachability' in project 'GoogleUtilities'
        ➜ Explicit dependency on target 'GoogleUtilities_GoogleUtilities-Reachability' in project 'GoogleUtilities'
        ➜ Explicit dependency on target 'third-party-IsAppEncrypted' in project 'GoogleUtilities'
        ➜ Explicit dependency on target 'GoogleUtilities-Environment' in project 'GoogleUtilities'
        ➜ Explicit dependency on target 'GoogleUtilities-Logger' in project 'GoogleUtilities'
    Target 'Firebase_FirebaseMessaging' in project 'Firebase' (no dependencies)
    Target 'FirebaseAnalytics' in project 'Firebase'
        ➜ Explicit dependency on target 'FirebaseAnalyticsTarget' in project 'Firebase'
        ➜ Explicit dependency on target 'Firebase' in project 'Firebase'
        ➜ Explicit dependency on target 'FirebaseCoreInternal' in project 'Firebase'
        ➜ Explicit dependency on target 'FirebaseCore' in project 'Firebase'
        ➜ Explicit dependency on target 'FirebaseInstallations' in project 'Firebase'
        ➜ Explicit dependency on target 'FirebaseAnalyticsWrapper' in project 'Firebase'
        ➜ Explicit dependency on target 'GULNSData' in project 'GoogleUtilities'
        ➜ Explicit dependency on target 'GULEnvironment' in project 'GoogleUtilities'
        ➜ Explicit dependency on target 'GULLogger' in project 'GoogleUtilities'
        ➜ Explicit dependency on target 'FBLPromises' in project 'Promises'
        ➜ Explicit dependency on target 'GULUserDefaults' in project 'GoogleUtilities'
        ➜ Explicit dependency on target 'GoogleAppMeasurement' in project 'GoogleAppMeasurement'
        ➜ Explicit dependency on target 'GULAppDelegateSwizzler' in project 'GoogleUtilities'
        ➜ Explicit dependency on target 'GULMethodSwizzler' in project 'GoogleUtilities'
        ➜ Explicit dependency on target 'GULNetwork' in project 'GoogleUtilities'
        ➜ Explicit dependency on target 'nanopb' in project 'nanopb'
    Target 'FirebaseAnalyticsTarget' in project 'Firebase'
        ➜ Explicit dependency on target 'Firebase' in project 'Firebase'
        ➜ Explicit dependency on target 'FirebaseCoreInternal' in project 'Firebase'
        ➜ Explicit dependency on target 'FirebaseCore' in project 'Firebase'
        ➜ Explicit dependency on target 'FirebaseInstallations' in project 'Firebase'
        ➜ Explicit dependency on target 'FirebaseAnalyticsWrapper' in project 'Firebase'
        ➜ Explicit dependency on target 'GULNSData' in project 'GoogleUtilities'
        ➜ Explicit dependency on target 'GULEnvironment' in project 'GoogleUtilities'
        ➜ Explicit dependency on target 'GULLogger' in project 'GoogleUtilities'
        ➜ Explicit dependency on target 'FBLPromises' in project 'Promises'
        ➜ Explicit dependency on target 'GULUserDefaults' in project 'GoogleUtilities'
        ➜ Explicit dependency on target 'GoogleAppMeasurement' in project 'GoogleAppMeasurement'
        ➜ Explicit dependency on target 'GULAppDelegateSwizzler' in project 'GoogleUtilities'
        ➜ Explicit dependency on target 'GULMethodSwizzler' in project 'GoogleUtilities'
        ➜ Explicit dependency on target 'GULNetwork' in project 'GoogleUtilities'
        ➜ Explicit dependency on target 'nanopb' in project 'nanopb'
    Target 'FirebaseAnalyticsWrapper' in project 'Firebase'
        ➜ Explicit dependency on target 'Firebase' in project 'Firebase'
        ➜ Explicit dependency on target 'FirebaseCoreInternal' in project 'Firebase'
        ➜ Explicit dependency on target 'FirebaseCore' in project 'Firebase'
        ➜ Explicit dependency on target 'FirebaseInstallations' in project 'Firebase'
        ➜ Explicit dependency on target 'GULNSData' in project 'GoogleUtilities'
        ➜ Explicit dependency on target 'GULEnvironment' in project 'GoogleUtilities'
        ➜ Explicit dependency on target 'GULLogger' in project 'GoogleUtilities'
        ➜ Explicit dependency on target 'FBLPromises' in project 'Promises'
        ➜ Explicit dependency on target 'GULUserDefaults' in project 'GoogleUtilities'
        ➜ Explicit dependency on target 'GoogleAppMeasurement' in project 'GoogleAppMeasurement'
        ➜ Explicit dependency on target 'GULAppDelegateSwizzler' in project 'GoogleUtilities'
        ➜ Explicit dependency on target 'GULMethodSwizzler' in project 'GoogleUtilities'
        ➜ Explicit dependency on target 'GULNetwork' in project 'GoogleUtilities'
        ➜ Explicit dependency on target 'nanopb' in project 'nanopb'
    Target 'GoogleAppMeasurement' in project 'GoogleAppMeasurement'
        ➜ Explicit dependency on target 'GoogleAppMeasurementTarget' in project 'GoogleAppMeasurement'
        ➜ Explicit dependency on target 'GULAppDelegateSwizzler' in project 'GoogleUtilities'
        ➜ Explicit dependency on target 'GULMethodSwizzler' in project 'GoogleUtilities'
        ➜ Explicit dependency on target 'GULNSData' in project 'GoogleUtilities'
        ➜ Explicit dependency on target 'GULNetwork' in project 'GoogleUtilities'
        ➜ Explicit dependency on target 'GULLogger' in project 'GoogleUtilities'
        ➜ Explicit dependency on target 'GULEnvironment' in project 'GoogleUtilities'
        ➜ Explicit dependency on target 'nanopb' in project 'nanopb'
        ➜ Explicit dependency on target 'GoogleAdsOnDeviceConversion' in project 'GoogleAdsOnDeviceConversion'
    Target 'GoogleAppMeasurementTarget' in project 'GoogleAppMeasurement'
        ➜ Explicit dependency on target 'GULAppDelegateSwizzler' in project 'GoogleUtilities'
        ➜ Explicit dependency on target 'GULMethodSwizzler' in project 'GoogleUtilities'
        ➜ Explicit dependency on target 'GULNSData' in project 'GoogleUtilities'
        ➜ Explicit dependency on target 'GULNetwork' in project 'GoogleUtilities'
        ➜ Explicit dependency on target 'GULLogger' in project 'GoogleUtilities'
        ➜ Explicit dependency on target 'GULEnvironment' in project 'GoogleUtilities'
        ➜ Explicit dependency on target 'nanopb' in project 'nanopb'
        ➜ Explicit dependency on target 'GoogleAdsOnDeviceConversion' in project 'GoogleAdsOnDeviceConversion'
    Target 'GoogleAdsOnDeviceConversion' in project 'GoogleAdsOnDeviceConversion'
        ➜ Explicit dependency on target 'GoogleAdsOnDeviceConversionTarget' in project 'GoogleAdsOnDeviceConversion'
        ➜ Explicit dependency on target 'GULEnvironment' in project 'GoogleUtilities'
        ➜ Explicit dependency on target 'GULLogger' in project 'GoogleUtilities'
        ➜ Explicit dependency on target 'GULNetwork' in project 'GoogleUtilities'
        ➜ Explicit dependency on target 'nanopb' in project 'nanopb'
    Target 'GoogleAdsOnDeviceConversionTarget' in project 'GoogleAdsOnDeviceConversion'
        ➜ Explicit dependency on target 'GULEnvironment' in project 'GoogleUtilities'
        ➜ Explicit dependency on target 'GULLogger' in project 'GoogleUtilities'
        ➜ Explicit dependency on target 'GULNetwork' in project 'GoogleUtilities'
        ➜ Explicit dependency on target 'nanopb' in project 'nanopb'
    Target 'nanopb' in project 'nanopb'
        ➜ Explicit dependency on target 'nanopb' in project 'nanopb'
        ➜ Explicit dependency on target 'nanopb_nanopb' in project 'nanopb'
    Target 'nanopb' in project 'nanopb'
        ➜ Explicit dependency on target 'nanopb_nanopb' in project 'nanopb'
    Target 'nanopb_nanopb' in project 'nanopb' (no dependencies)
    Target 'GULNetwork' in project 'GoogleUtilities'
        ➜ Explicit dependency on target 'GoogleUtilities-Network' in project 'GoogleUtilities'
        ➜ Explicit dependency on target 'GoogleUtilities_GoogleUtilities-Network' in project 'GoogleUtilities'
        ➜ Explicit dependency on target 'third-party-IsAppEncrypted' in project 'GoogleUtilities'
        ➜ Explicit dependency on target 'GoogleUtilities-Environment' in project 'GoogleUtilities'
        ➜ Explicit dependency on target 'GoogleUtilities-Logger' in project 'GoogleUtilities'
        ➜ Explicit dependency on target 'GoogleUtilities-NSData' in project 'GoogleUtilities'
        ➜ Explicit dependency on target 'GoogleUtilities-Reachability' in project 'GoogleUtilities'
    Target 'GULMethodSwizzler' in project 'GoogleUtilities'
        ➜ Explicit dependency on target 'GoogleUtilities-MethodSwizzler' in project 'GoogleUtilities'
        ➜ Explicit dependency on target 'GoogleUtilities_GoogleUtilities-MethodSwizzler' in project 'GoogleUtilities'
        ➜ Explicit dependency on target 'third-party-IsAppEncrypted' in project 'GoogleUtilities'
        ➜ Explicit dependency on target 'GoogleUtilities-Environment' in project 'GoogleUtilities'
        ➜ Explicit dependency on target 'GoogleUtilities-Logger' in project 'GoogleUtilities'
    Target 'GoogleUtilities-MethodSwizzler' in project 'GoogleUtilities'
        ➜ Explicit dependency on target 'GoogleUtilities_GoogleUtilities-MethodSwizzler' in project 'GoogleUtilities'
        ➜ Explicit dependency on target 'third-party-IsAppEncrypted' in project 'GoogleUtilities'
        ➜ Explicit dependency on target 'GoogleUtilities-Environment' in project 'GoogleUtilities'
        ➜ Explicit dependency on target 'GoogleUtilities-Logger' in project 'GoogleUtilities'
    Target 'GoogleUtilities_GoogleUtilities-MethodSwizzler' in project 'GoogleUtilities' (no dependencies)
    Target 'GULAppDelegateSwizzler' in project 'GoogleUtilities'
        ➜ Explicit dependency on target 'GoogleUtilities-AppDelegateSwizzler' in project 'GoogleUtilities'
        ➜ Explicit dependency on target 'GoogleUtilities_GoogleUtilities-AppDelegateSwizzler' in project 'GoogleUtilities'
        ➜ Explicit dependency on target 'third-party-IsAppEncrypted' in project 'GoogleUtilities'
        ➜ Explicit dependency on target 'GoogleUtilities-Environment' in project 'GoogleUtilities'
        ➜ Explicit dependency on target 'GoogleUtilities-Logger' in project 'GoogleUtilities'
        ➜ Explicit dependency on target 'GoogleUtilities-NSData' in project 'GoogleUtilities'
        ➜ Explicit dependency on target 'GoogleUtilities-Reachability' in project 'GoogleUtilities'
        ➜ Explicit dependency on target 'GoogleUtilities-Network' in project 'GoogleUtilities'
    Target 'GoogleUtilities-AppDelegateSwizzler' in project 'GoogleUtilities'
        ➜ Explicit dependency on target 'GoogleUtilities_GoogleUtilities-AppDelegateSwizzler' in project 'GoogleUtilities'
        ➜ Explicit dependency on target 'third-party-IsAppEncrypted' in project 'GoogleUtilities'
        ➜ Explicit dependency on target 'GoogleUtilities-Environment' in project 'GoogleUtilities'
        ➜ Explicit dependency on target 'GoogleUtilities-Logger' in project 'GoogleUtilities'
        ➜ Explicit dependency on target 'GoogleUtilities-NSData' in project 'GoogleUtilities'
        ➜ Explicit dependency on target 'GoogleUtilities-Reachability' in project 'GoogleUtilities'
        ➜ Explicit dependency on target 'GoogleUtilities-Network' in project 'GoogleUtilities'
    Target 'GoogleUtilities-Network' in project 'GoogleUtilities'
        ➜ Explicit dependency on target 'GoogleUtilities_GoogleUtilities-Network' in project 'GoogleUtilities'
        ➜ Explicit dependency on target 'third-party-IsAppEncrypted' in project 'GoogleUtilities'
        ➜ Explicit dependency on target 'GoogleUtilities-Environment' in project 'GoogleUtilities'
        ➜ Explicit dependency on target 'GoogleUtilities-Logger' in project 'GoogleUtilities'
        ➜ Explicit dependency on target 'GoogleUtilities-NSData' in project 'GoogleUtilities'
        ➜ Explicit dependency on target 'GoogleUtilities-Reachability' in project 'GoogleUtilities'
    Target 'GoogleUtilities_GoogleUtilities-Network' in project 'GoogleUtilities' (no dependencies)
    Target 'GoogleUtilities-Reachability' in project 'GoogleUtilities'
        ➜ Explicit dependency on target 'GoogleUtilities_GoogleUtilities-Reachability' in project 'GoogleUtilities'
        ➜ Explicit dependency on target 'third-party-IsAppEncrypted' in project 'GoogleUtilities'
        ➜ Explicit dependency on target 'GoogleUtilities-Environment' in project 'GoogleUtilities'
        ➜ Explicit dependency on target 'GoogleUtilities-Logger' in project 'GoogleUtilities'
    Target 'GoogleUtilities_GoogleUtilities-Reachability' in project 'GoogleUtilities' (no dependencies)
    Target 'GoogleUtilities_GoogleUtilities-AppDelegateSwizzler' in project 'GoogleUtilities' (no dependencies)
    Target 'FirebaseInstallations' in project 'Firebase'
        ➜ Explicit dependency on target 'Firebase_FirebaseInstallations' in project 'Firebase'
        ➜ Explicit dependency on target 'Firebase' in project 'Firebase'
        ➜ Explicit dependency on target 'FirebaseCoreInternal' in project 'Firebase'
        ➜ Explicit dependency on target 'FirebaseCore' in project 'Firebase'
        ➜ Explicit dependency on target 'GULNSData' in project 'GoogleUtilities'
        ➜ Explicit dependency on target 'GULEnvironment' in project 'GoogleUtilities'
        ➜ Explicit dependency on target 'GULLogger' in project 'GoogleUtilities'
        ➜ Explicit dependency on target 'FBLPromises' in project 'Promises'
        ➜ Explicit dependency on target 'GULUserDefaults' in project 'GoogleUtilities'
    Target 'GULUserDefaults' in project 'GoogleUtilities'
        ➜ Explicit dependency on target 'GoogleUtilities-UserDefaults' in project 'GoogleUtilities'
        ➜ Explicit dependency on target 'GoogleUtilities_GoogleUtilities-UserDefaults' in project 'GoogleUtilities'
        ➜ Explicit dependency on target 'third-party-IsAppEncrypted' in project 'GoogleUtilities'
        ➜ Explicit dependency on target 'GoogleUtilities-Environment' in project 'GoogleUtilities'
        ➜ Explicit dependency on target 'GoogleUtilities-Logger' in project 'GoogleUtilities'
    Target 'GoogleUtilities-UserDefaults' in project 'GoogleUtilities'
        ➜ Explicit dependency on target 'GoogleUtilities_GoogleUtilities-UserDefaults' in project 'GoogleUtilities'
        ➜ Explicit dependency on target 'third-party-IsAppEncrypted' in project 'GoogleUtilities'
        ➜ Explicit dependency on target 'GoogleUtilities-Environment' in project 'GoogleUtilities'
        ➜ Explicit dependency on target 'GoogleUtilities-Logger' in project 'GoogleUtilities'
    Target 'GoogleUtilities_GoogleUtilities-UserDefaults' in project 'GoogleUtilities' (no dependencies)
    Target 'FBLPromises' in project 'Promises'
        ➜ Explicit dependency on target 'FBLPromises' in project 'Promises'
        ➜ Explicit dependency on target 'Promises_FBLPromises' in project 'Promises'
    Target 'FBLPromises' in project 'Promises'
        ➜ Explicit dependency on target 'Promises_FBLPromises' in project 'Promises'
    Target 'Promises_FBLPromises' in project 'Promises' (no dependencies)
    Target 'Firebase_FirebaseInstallations' in project 'Firebase' (no dependencies)
    Target 'FirebaseCore' in project 'Firebase'
        ➜ Explicit dependency on target 'Firebase_FirebaseCore' in project 'Firebase'
        ➜ Explicit dependency on target 'Firebase' in project 'Firebase'
        ➜ Explicit dependency on target 'FirebaseCoreInternal' in project 'Firebase'
        ➜ Explicit dependency on target 'GULNSData' in project 'GoogleUtilities'
        ➜ Explicit dependency on target 'GULEnvironment' in project 'GoogleUtilities'
        ➜ Explicit dependency on target 'GULLogger' in project 'GoogleUtilities'
    Target 'GULLogger' in project 'GoogleUtilities'
        ➜ Explicit dependency on target 'GoogleUtilities-Logger' in project 'GoogleUtilities'
        ➜ Explicit dependency on target 'GoogleUtilities_GoogleUtilities-Logger' in project 'GoogleUtilities'
        ➜ Explicit dependency on target 'third-party-IsAppEncrypted' in project 'GoogleUtilities'
        ➜ Explicit dependency on target 'GoogleUtilities-Environment' in project 'GoogleUtilities'
    Target 'GoogleUtilities-Logger' in project 'GoogleUtilities'
        ➜ Explicit dependency on target 'GoogleUtilities_GoogleUtilities-Logger' in project 'GoogleUtilities'
        ➜ Explicit dependency on target 'third-party-IsAppEncrypted' in project 'GoogleUtilities'
        ➜ Explicit dependency on target 'GoogleUtilities-Environment' in project 'GoogleUtilities'
    Target 'GoogleUtilities_GoogleUtilities-Logger' in project 'GoogleUtilities' (no dependencies)
    Target 'GULEnvironment' in project 'GoogleUtilities'
        ➜ Explicit dependency on target 'GoogleUtilities-Environment' in project 'GoogleUtilities'
        ➜ Explicit dependency on target 'GoogleUtilities_GoogleUtilities-Environment' in project 'GoogleUtilities'
        ➜ Explicit dependency on target 'third-party-IsAppEncrypted' in project 'GoogleUtilities'
    Target 'GoogleUtilities-Environment' in project 'GoogleUtilities'
        ➜ Explicit dependency on target 'GoogleUtilities_GoogleUtilities-Environment' in project 'GoogleUtilities'
        ➜ Explicit dependency on target 'third-party-IsAppEncrypted' in project 'GoogleUtilities'
    Target 'third-party-IsAppEncrypted' in project 'GoogleUtilities' (no dependencies)
    Target 'GoogleUtilities_GoogleUtilities-Environment' in project 'GoogleUtilities' (no dependencies)
    Target 'Firebase_FirebaseCore' in project 'Firebase' (no dependencies)
    Target 'FirebaseCoreInternal' in project 'Firebase'
        ➜ Explicit dependency on target 'Firebase_FirebaseCoreInternal' in project 'Firebase'
        ➜ Explicit dependency on target 'GULNSData' in project 'GoogleUtilities'
    Target 'GULNSData' in project 'GoogleUtilities'
        ➜ Explicit dependency on target 'GoogleUtilities-NSData' in project 'GoogleUtilities'
        ➜ Explicit dependency on target 'GoogleUtilities_GoogleUtilities-NSData' in project 'GoogleUtilities'
    Target 'GoogleUtilities-NSData' in project 'GoogleUtilities'
        ➜ Explicit dependency on target 'GoogleUtilities_GoogleUtilities-NSData' in project 'GoogleUtilities'
    Target 'GoogleUtilities_GoogleUtilities-NSData' in project 'GoogleUtilities' (no dependencies)
    Target 'Firebase_FirebaseCoreInternal' in project 'Firebase' (no dependencies)
    Target 'Firebase' in project 'Firebase' (no dependencies)

GatherProvisioningInputs

CreateBuildDescription

ExecuteExternalTool /Applications/Xcode.app/Contents/Developer/Toolchains/XcodeDefault.xctoolchain/usr/bin/clang -v -E -dM -arch arm64 -isysroot /Applications/Xcode.app/Contents/Developer/Platforms/iPhoneSimulator.platform/Developer/SDKs/iPhoneSimulator26.2.sdk -x objective-c -c /dev/null

ExecuteExternalTool /Applications/Xcode.app/Contents/Developer/Toolchains/XcodeDefault.xctoolchain/usr/bin/swiftc --version

ExecuteExternalTool /Applications/Xcode.app/Contents/Developer/Toolchains/XcodeDefault.xctoolchain/usr/bin/clang -v -E -dM -isysroot /Applications/Xcode.app/Contents/Developer/Platforms/iPhoneSimulator.platform/Developer/SDKs/iPhoneSimulator26.2.sdk -x c -c /dev/null

ExecuteExternalTool /Applications/Xcode.app/Contents/Developer/usr/bin/actool --print-asset-tag-combinations --output-format xml1 /Users/azizbek/Documents/Frutella/FARUTELLA/Mobile/Assets.xcassets

ExecuteExternalTool /Applications/Xcode.app/Contents/Developer/usr/bin/actool --version --output-format xml1

ExecuteExternalTool /Applications/Xcode.app/Contents/Developer/Toolchains/XcodeDefault.xctoolchain/usr/bin/clang -v -E -dM -arch arm64 -isysroot /Applications/Xcode.app/Contents/Developer/Platforms/iPhoneSimulator.platform/Developer/SDKs/iPhoneSimulator26.2.sdk -x c -c /dev/null

ExecuteExternalTool /Applications/Xcode.app/Contents/Developer/Toolchains/XcodeDefault.xctoolchain/usr/bin/ld -version_details

Build description signature: 3e564d0c624175ab0b8aeb6413e5bcf3
Build description path: /Users/azizbek/Library/Developer/Xcode/DerivedData/Frutella-cxztiokjqsugcqemwowfsbyxgjbe/Build/Intermediates.noindex/XCBuildData/3e564d0c624175ab0b8aeb6413e5bcf3.xcbuilddata
ClangStatCache /Applications/Xcode.app/Contents/Developer/Toolchains/XcodeDefault.xctoolchain/usr/bin/clang-stat-cache /Applications/Xcode.app/Contents/Developer/Platforms/iPhoneSimulator.platform/Developer/SDKs/iPhoneSimulator26.2.sdk /Users/azizbek/Library/Developer/Xcode/DerivedData/SDKStatCaches.noindex/iphonesimulator26.2-23C57-7d00a8b37fbd7999ea79df8ebc024bf0.sdkstatcache
    cd /Users/azizbek/Documents/Frutella/FARUTELLA/Mobile/Frutella.xcodeproj
    /Applications/Xcode.app/Contents/Developer/Toolchains/XcodeDefault.xctoolchain/usr/bin/clang-stat-cache /Applications/Xcode.app/Contents/Developer/Platforms/iPhoneSimulator.platform/Developer/SDKs/iPhoneSimulator26.2.sdk -o /Users/azizbek/Library/Developer/Xcode/DerivedData/SDKStatCaches.noindex/iphonesimulator26.2-23C57-7d00a8b37fbd7999ea79df8ebc024bf0.sdkstatcache

ProcessInfoPlistFile /Users/azizbek/Library/Developer/Xcode/DerivedData/Frutella-cxztiokjqsugcqemwowfsbyxgjbe/Build/Products/Debug-iphonesimulator/GoogleUtilities_GoogleUtilities-NSData.bundle/Info.plist /Users/azizbek/Library/Developer/Xcode/DerivedData/Frutella-cxztiokjqsugcqemwowfsbyxgjbe/Build/Intermediates.noindex/GoogleUtilities.build/Debug-iphonesimulator/GoogleUtilities_GoogleUtilities-NSData.build/empty-GoogleUtilities_GoogleUtilities-NSData.plist (in target 'GoogleUtilities_GoogleUtilities-NSData' from project 'GoogleUtilities')
    cd /Users/azizbek/Library/Developer/Xcode/DerivedData/Frutella-cxztiokjqsugcqemwowfsbyxgjbe/SourcePackages/checkouts/GoogleUtilities
    builtin-infoPlistUtility /Users/azizbek/Library/Developer/Xcode/DerivedData/Frutella-cxztiokjqsugcqemwowfsbyxgjbe/Build/Intermediates.noindex/GoogleUtilities.build/Debug-iphonesimulator/GoogleUtilities_GoogleUtilities-NSData.build/empty-GoogleUtilities_GoogleUtilities-NSData.plist -producttype com.apple.product-type.bundle -expandbuildsettings -format binary -platform iphonesimulator -o /Users/azizbek/Library/Developer/Xcode/DerivedData/Frutella-cxztiokjqsugcqemwowfsbyxgjbe/Build/Products/Debug-iphonesimulator/GoogleUtilities_GoogleUtilities-NSData.bundle/Info.plist

ProcessInfoPlistFile /Users/azizbek/Library/Developer/Xcode/DerivedData/Frutella-cxztiokjqsugcqemwowfsbyxgjbe/Build/Products/Debug-iphonesimulator/Firebase_FirebaseCoreInternal.bundle/Info.plist /Users/azizbek/Library/Developer/Xcode/DerivedData/Frutella-cxztiokjqsugcqemwowfsbyxgjbe/Build/Intermediates.noindex/Firebase.build/Debug-iphonesimulator/Firebase_FirebaseCoreInternal.build/empty-Firebase_FirebaseCoreInternal.plist (in target 'Firebase_FirebaseCoreInternal' from project 'Firebase')
    cd /Users/azizbek/Library/Developer/Xcode/DerivedData/Frutella-cxztiokjqsugcqemwowfsbyxgjbe/SourcePackages/checkouts/firebase-ios-sdk
    builtin-infoPlistUtility /Users/azizbek/Library/Developer/Xcode/DerivedData/Frutella-cxztiokjqsugcqemwowfsbyxgjbe/Build/Intermediates.noindex/Firebase.build/Debug-iphonesimulator/Firebase_FirebaseCoreInternal.build/empty-Firebase_FirebaseCoreInternal.plist -producttype com.apple.product-type.bundle -expandbuildsettings -format binary -platform iphonesimulator -o /Users/azizbek/Library/Developer/Xcode/DerivedData/Frutella-cxztiokjqsugcqemwowfsbyxgjbe/Build/Products/Debug-iphonesimulator/Firebase_FirebaseCoreInternal.bundle/Info.plist

ProcessInfoPlistFile /Users/azizbek/Library/Developer/Xcode/DerivedData/Frutella-cxztiokjqsugcqemwowfsbyxgjbe/Build/Products/Debug-iphonesimulator/GoogleUtilities_GoogleUtilities-Environment.bundle/Info.plist /Users/azizbek/Library/Developer/Xcode/DerivedData/Frutella-cxztiokjqsugcqemwowfsbyxgjbe/Build/Intermediates.noindex/GoogleUtilities.build/Debug-iphonesimulator/GoogleUtilities_GoogleUtilities-Environment.build/empty-GoogleUtilities_GoogleUtilities-Environment.plist (in target 'GoogleUtilities_GoogleUtilities-Environment' from project 'GoogleUtilities')
    cd /Users/azizbek/Library/Developer/Xcode/DerivedData/Frutella-cxztiokjqsugcqemwowfsbyxgjbe/SourcePackages/checkouts/GoogleUtilities
    builtin-infoPlistUtility /Users/azizbek/Library/Developer/Xcode/DerivedData/Frutella-cxztiokjqsugcqemwowfsbyxgjbe/Build/Intermediates.noindex/GoogleUtilities.build/Debug-iphonesimulator/GoogleUtilities_GoogleUtilities-Environment.build/empty-GoogleUtilities_GoogleUtilities-Environment.plist -producttype com.apple.product-type.bundle -expandbuildsettings -format binary -platform iphonesimulator -o /Users/azizbek/Library/Developer/Xcode/DerivedData/Frutella-cxztiokjqsugcqemwowfsbyxgjbe/Build/Products/Debug-iphonesimulator/GoogleUtilities_GoogleUtilities-Environment.bundle/Info.plist

ProcessInfoPlistFile /Users/azizbek/Library/Developer/Xcode/DerivedData/Frutella-cxztiokjqsugcqemwowfsbyxgjbe/Build/Products/Debug-iphonesimulator/GoogleUtilities_GoogleUtilities-Logger.bundle/Info.plist /Users/azizbek/Library/Developer/Xcode/DerivedData/Frutella-cxztiokjqsugcqemwowfsbyxgjbe/Build/Intermediates.noindex/GoogleUtilities.build/Debug-iphonesimulator/GoogleUtilities_GoogleUtilities-Logger.build/empty-GoogleUtilities_GoogleUtilities-Logger.plist (in target 'GoogleUtilities_GoogleUtilities-Logger' from project 'GoogleUtilities')
    cd /Users/azizbek/Library/Developer/Xcode/DerivedData/Frutella-cxztiokjqsugcqemwowfsbyxgjbe/SourcePackages/checkouts/GoogleUtilities
    builtin-infoPlistUtility /Users/azizbek/Library/Developer/Xcode/DerivedData/Frutella-cxztiokjqsugcqemwowfsbyxgjbe/Build/Intermediates.noindex/GoogleUtilities.build/Debug-iphonesimulator/GoogleUtilities_GoogleUtilities-Logger.build/empty-GoogleUtilities_GoogleUtilities-Logger.plist -producttype com.apple.product-type.bundle -expandbuildsettings -format binary -platform iphonesimulator -o /Users/azizbek/Library/Developer/Xcode/DerivedData/Frutella-cxztiokjqsugcqemwowfsbyxgjbe/Build/Products/Debug-iphonesimulator/GoogleUtilities_GoogleUtilities-Logger.bundle/Info.plist

ProcessInfoPlistFile /Users/azizbek/Library/Developer/Xcode/DerivedData/Frutella-cxztiokjqsugcqemwowfsbyxgjbe/Build/Products/Debug-iphonesimulator/nanopb_nanopb.bundle/Info.plist /Users/azizbek/Library/Developer/Xcode/DerivedData/Frutella-cxztiokjqsugcqemwowfsbyxgjbe/Build/Intermediates.noindex/nanopb.build/Debug-iphonesimulator/nanopb_nanopb.build/empty-nanopb_nanopb.plist (in target 'nanopb_nanopb' from project 'nanopb')
    cd /Users/azizbek/Library/Developer/Xcode/DerivedData/Frutella-cxztiokjqsugcqemwowfsbyxgjbe/SourcePackages/checkouts/nanopb
    builtin-infoPlistUtility /Users/azizbek/Library/Developer/Xcode/DerivedData/Frutella-cxztiokjqsugcqemwowfsbyxgjbe/Build/Intermediates.noindex/nanopb.build/Debug-iphonesimulator/nanopb_nanopb.build/empty-nanopb_nanopb.plist -producttype com.apple.product-type.bundle -expandbuildsettings -format binary -platform iphonesimulator -o /Users/azizbek/Library/Developer/Xcode/DerivedData/Frutella-cxztiokjqsugcqemwowfsbyxgjbe/Build/Products/Debug-iphonesimulator/nanopb_nanopb.bundle/Info.plist

ProcessInfoPlistFile /Users/azizbek/Library/Developer/Xcode/DerivedData/Frutella-cxztiokjqsugcqemwowfsbyxgjbe/Build/Products/Debug-iphonesimulator/Promises_FBLPromises.bundle/Info.plist /Users/azizbek/Library/Developer/Xcode/DerivedData/Frutella-cxztiokjqsugcqemwowfsbyxgjbe/Build/Intermediates.noindex/Promises.build/Debug-iphonesimulator/Promises_FBLPromises.build/empty-Promises_FBLPromises.plist (in target 'Promises_FBLPromises' from project 'Promises')
    cd /Users/azizbek/Library/Developer/Xcode/DerivedData/Frutella-cxztiokjqsugcqemwowfsbyxgjbe/SourcePackages/checkouts/promises
    builtin-infoPlistUtility /Users/azizbek/Library/Developer/Xcode/DerivedData/Frutella-cxztiokjqsugcqemwowfsbyxgjbe/Build/Intermediates.noindex/Promises.build/Debug-iphonesimulator/Promises_FBLPromises.build/empty-Promises_FBLPromises.plist -producttype com.apple.product-type.bundle -expandbuildsettings -format binary -platform iphonesimulator -o /Users/azizbek/Library/Developer/Xcode/DerivedData/Frutella-cxztiokjqsugcqemwowfsbyxgjbe/Build/Products/Debug-iphonesimulator/Promises_FBLPromises.bundle/Info.plist

ProcessProductPackaging "" /Users/azizbek/Library/Developer/Xcode/DerivedData/Frutella-cxztiokjqsugcqemwowfsbyxgjbe/Build/Intermediates.noindex/Frutella.build/Debug-iphonesimulator/Frutella.build/Frutella.app-Simulated.xcent (in target 'Frutella' from project 'Frutella')
    cd /Users/azizbek/Documents/Frutella/FARUTELLA/Mobile
    
    Entitlements:
    
    {
    "application-identifier" = "XLMSYSCJHX.Frutella";
}
    
    builtin-productPackagingUtility -entitlements -format xml -o /Users/azizbek/Library/Developer/Xcode/DerivedData/Frutella-cxztiokjqsugcqemwowfsbyxgjbe/Build/Intermediates.noindex/Frutella.build/Debug-iphonesimulator/Frutella.build/Frutella.app-Simulated.xcent

ProcessProductPackagingDER /Users/azizbek/Library/Developer/Xcode/DerivedData/Frutella-cxztiokjqsugcqemwowfsbyxgjbe/Build/Intermediates.noindex/Frutella.build/Debug-iphonesimulator/Frutella.build/Frutella.app-Simulated.xcent /Users/azizbek/Library/Developer/Xcode/DerivedData/Frutella-cxztiokjqsugcqemwowfsbyxgjbe/Build/Intermediates.noindex/Frutella.build/Debug-iphonesimulator/Frutella.build/Frutella.app-Simulated.xcent.der (in target 'Frutella' from project 'Frutella')
    cd /Users/azizbek/Documents/Frutella/FARUTELLA/Mobile
    /usr/bin/derq query -f xml -i /Users/azizbek/Library/Developer/Xcode/DerivedData/Frutella-cxztiokjqsugcqemwowfsbyxgjbe/Build/Intermediates.noindex/Frutella.build/Debug-iphonesimulator/Frutella.build/Frutella.app-Simulated.xcent -o /Users/azizbek/Library/Developer/Xcode/DerivedData/Frutella-cxztiokjqsugcqemwowfsbyxgjbe/Build/Intermediates.noindex/Frutella.build/Debug-iphonesimulator/Frutella.build/Frutella.app-Simulated.xcent.der --raw

SwiftDriver\ Compilation\ Requirements Frutella normal arm64 com.apple.xcode.tools.swift.compiler (in target 'Frutella' from project 'Frutella')
    cd /Users/azizbek/Documents/Frutella/FARUTELLA/Mobile
    builtin-Swift-Compilation-Requirements -- /Applications/Xcode.app/Contents/Developer/Toolchains/XcodeDefault.xctoolchain/usr/bin/swiftc -module-name Frutella -Onone -enforce-exclusivity\=checked @/Users/azizbek/Library/Developer/Xcode/DerivedData/Frutella-cxztiokjqsugcqemwowfsbyxgjbe/Build/Intermediates.noindex/Frutella.build/Debug-iphonesimulator/Frutella.build/Objects-normal/arm64/Frutella.SwiftFileList -DDEBUG -Xcc -fmodule-map-file\=/Users/azizbek/Library/Developer/Xcode/DerivedData/Frutella-cxztiokjqsugcqemwowfsbyxgjbe/Build/Intermediates.noindex/GeneratedModuleMaps-iphonesimulator/GoogleAdsOnDeviceConversionTarget.modulemap -Xcc -fmodule-map-file\=/Users/azizbek/Library/Developer/Xcode/DerivedData/Frutella-cxztiokjqsugcqemwowfsbyxgjbe/Build/Intermediates.noindex/GeneratedModuleMaps-iphonesimulator/GoogleAppMeasurementTarget.modulemap -Xcc -fmodule-map-file\=/Users/azizbek/Library/Developer/Xcode/DerivedData/Frutella-cxztiokjqsugcqemwowfsbyxgjbe/Build/Intermediates.noindex/GeneratedModuleMaps-iphonesimulator/GoogleUtilities-MethodSwizzler.modulemap -Xcc -fmodule-map-file\=/Users/azizbek/Library/Developer/Xcode/DerivedData/Frutella-cxztiokjqsugcqemwowfsbyxgjbe/Build/Intermediates.noindex/GeneratedModuleMaps-iphonesimulator/FirebaseAnalyticsWrapper.modulemap -Xcc -fmodule-map-file\=/Users/azizbek/Library/Developer/Xcode/DerivedData/Frutella-cxztiokjqsugcqemwowfsbyxgjbe/Build/Intermediates.noindex/GeneratedModuleMaps-iphonesimulator/FirebaseAnalyticsTarget.modulemap -Xcc -fmodule-map-file\=/Users/azizbek/Library/Developer/Xcode/DerivedData/Frutella-cxztiokjqsugcqemwowfsbyxgjbe/Build/Intermediates.noindex/GeneratedModuleMaps-iphonesimulator/GoogleUtilities-UserDefaults.modulemap -Xcc -fmodule-map-file\=/Users/azizbek/Library/Developer/Xcode/DerivedData/Frutella-cxztiokjqsugcqemwowfsbyxgjbe/Build/Intermediates.noindex/GeneratedModuleMaps-iphonesimulator/GoogleUtilities-Network.modulemap -Xcc -fmodule-map-file\=/Users/azizbek/Library/Developer/Xcode/DerivedData/Frutella-cxztiokjqsugcqemwowfsbyxgjbe/Build/Intermediates.noindex/GeneratedModuleMaps-iphonesimulator/GoogleUtilities-NSData.modulemap -Xcc -fmodule-map-file\=/Users/azizbek/Library/Developer/Xcode/DerivedData/Frutella-cxztiokjqsugcqemwowfsbyxgjbe/Build/Intermediates.noindex/GeneratedModuleMaps-iphonesimulator/GoogleUtilities-AppDelegateSwizzler.modulemap -Xcc -fmodule-map-file\=/Users/azizbek/Library/Developer/Xcode/DerivedData/Frutella-cxztiokjqsugcqemwowfsbyxgjbe/Build/Intermediates.noindex/GeneratedModuleMaps-iphonesimulator/GoogleUtilities-Logger.modulemap -Xcc -fmodule-map-file\=/Users/azizbek/Library/Developer/Xcode/DerivedData/Frutella-cxztiokjqsugcqemwowfsbyxgjbe/Build/Intermediates.noindex/GeneratedModuleMaps-iphonesimulator/GoogleUtilities-Environment.modulemap -Xcc -fmodule-map-file\=/Users/azizbek/Library/Developer/Xcode/DerivedData/Frutella-cxztiokjqsugcqemwowfsbyxgjbe/Build/Intermediates.noindex/GeneratedModuleMaps-iphonesimulator/third-party-IsAppEncrypted.modulemap -Xcc -fmodule-map-file\=/Users/azizbek/Library/Developer/Xcode/DerivedData/Frutella-cxztiokjqsugcqemwowfsbyxgjbe/Build/Intermediates.noindex/GeneratedModuleMaps-iphonesimulator/GoogleUtilities-Reachability.modulemap -Xcc -fmodule-map-file\=/Users/azizbek/Library/Developer/Xcode/DerivedData/Frutella-cxztiokjqsugcqemwowfsbyxgjbe/Build/Intermediates.noindex/GeneratedModuleMaps-iphonesimulator/GoogleDataTransport.modulemap -Xcc -fmodule-map-file\=/Users/azizbek/Library/Developer/Xcode/DerivedData/Frutella-cxztiokjqsugcqemwowfsbyxgjbe/Build/Intermediates.noindex/GeneratedModuleMaps-iphonesimulator/nanopb.modulemap -Xcc -fmodule-map-file\=/Users/azizbek/Library/Developer/Xcode/DerivedData/Frutella-cxztiokjqsugcqemwowfsbyxgjbe/Build/Intermediates.noindex/GeneratedModuleMaps-iphonesimulator/FirebaseInstallations.modulemap -Xcc -fmodule-map-file\=/Users/azizbek/Library/Developer/Xcode/DerivedData/Frutella-cxztiokjqsugcqemwowfsbyxgjbe/Build/Intermediates.noindex/GeneratedModuleMaps-iphonesimulator/FirebaseCore.modulemap -Xcc -fmodule-map-file\=/Users/azizbek/Library/Developer/Xcode/DerivedData/Frutella-cxztiokjqsugcqemwowfsbyxgjbe/Build/Intermediates.noindex/GeneratedModuleMaps-iphonesimulator/FirebaseMessaging.modulemap -default-isolation\=MainActor -enable-bare-slash-regex -enable-upcoming-feature DisableOutwardActorInference -enable-upcoming-feature InferSendableFromCaptures -enable-upcoming-feature GlobalActorIsolatedTypesUsability -enable-upcoming-feature MemberImportVisibility -enable-upcoming-feature InferIsolatedConformances -enable-upcoming-feature NonisolatedNonsendingByDefault -enable-experimental-feature DebugDescriptionMacro -sdk /Applications/Xcode.app/Contents/Developer/Platforms/iPhoneSimulator.platform/Developer/SDKs/iPhoneSimulator26.2.sdk -target arm64-apple-ios16.0-simulator -g -module-cache-path /Users/azizbek/Library/Developer/Xcode/DerivedData/ModuleCache.noindex -Xfrontend -serialize-debugging-options -enable-testing -index-store-path /Users/azizbek/Library/Developer/Xcode/DerivedData/Frutella-cxztiokjqsugcqemwowfsbyxgjbe/Index.noindex/DataStore -Xcc -D_LIBCPP_HARDENING_MODE\=_LIBCPP_HARDENING_MODE_DEBUG -swift-version 5 -I /Users/azizbek/Library/Developer/Xcode/DerivedData/Frutella-cxztiokjqsugcqemwowfsbyxgjbe/Build/Products/Debug-iphonesimulator -F /Users/azizbek/Library/Developer/Xcode/DerivedData/Frutella-cxztiokjqsugcqemwowfsbyxgjbe/Build/Products/Debug-iphonesimulator/PackageFrameworks -F /Users/azizbek/Library/Developer/Xcode/DerivedData/Frutella-cxztiokjqsugcqemwowfsbyxgjbe/Build/Products/Debug-iphonesimulator/PackageFrameworks -F /Users/azizbek/Library/Developer/Xcode/DerivedData/Frutella-cxztiokjqsugcqemwowfsbyxgjbe/Build/Products/Debug-iphonesimulator/PackageFrameworks -F /Users/azizbek/Library/Developer/Xcode/DerivedData/Frutella-cxztiokjqsugcqemwowfsbyxgjbe/Build/Products/Debug-iphonesimulator/PackageFrameworks -F /Users/azizbek/Library/Developer/Xcode/DerivedData/Frutella-cxztiokjqsugcqemwowfsbyxgjbe/Build/Products/Debug-iphonesimulator/PackageFrameworks -F /Users/azizbek/Library/Developer/Xcode/DerivedData/Frutella-cxztiokjqsugcqemwowfsbyxgjbe/Build/Products/Debug-iphonesimulator/PackageFrameworks -F /Users/azizbek/Library/Developer/Xcode/DerivedData/Frutella-cxztiokjqsugcqemwowfsbyxgjbe/Build/Products/Debug-iphonesimulator/PackageFrameworks -F /Users/azizbek/Library/Developer/Xcode/DerivedData/Frutella-cxztiokjqsugcqemwowfsbyxgjbe/Build/Products/Debug-iphonesimulator/PackageFrameworks -F /Users/azizbek/Library/Developer/Xcode/DerivedData/Frutella-cxztiokjqsugcqemwowfsbyxgjbe/Build/Products/Debug-iphonesimulator/PackageFrameworks -F /Users/azizbek/Library/Developer/Xcode/DerivedData/Frutella-cxztiokjqsugcqemwowfsbyxgjbe/Build/Products/Debug-iphonesimulator/PackageFrameworks -F /Users/azizbek/Library/Developer/Xcode/DerivedData/Frutella-cxztiokjqsugcqemwowfsbyxgjbe/Build/Products/Debug-iphonesimulator/PackageFrameworks -F /Users/azizbek/Library/Developer/Xcode/DerivedData/Frutella-cxztiokjqsugcqemwowfsbyxgjbe/Build/Products/Debug-iphonesimulator/PackageFrameworks -F /Users/azizbek/Library/Developer/Xcode/DerivedData/Frutella-cxztiokjqsugcqemwowfsbyxgjbe/Build/Products/Debug-iphonesimulator/PackageFrameworks -F /Users/azizbek/Library/Developer/Xcode/DerivedData/Frutella-cxztiokjqsugcqemwowfsbyxgjbe/Build/Products/Debug-iphonesimulator/PackageFrameworks -F /Users/azizbek/Library/Developer/Xcode/DerivedData/Frutella-cxztiokjqsugcqemwowfsbyxgjbe/Build/Products/Debug-iphonesimulator/PackageFrameworks -F /Users/azizbek/Library/Developer/Xcode/DerivedData/Frutella-cxztiokjqsugcqemwowfsbyxgjbe/Build/Products/Debug-iphonesimulator/PackageFrameworks -F /Users/azizbek/Library/Developer/Xcode/DerivedData/Frutella-cxztiokjqsugcqemwowfsbyxgjbe/Build/Products/Debug-iphonesimulator/PackageFrameworks -F /Users/azizbek/Library/Developer/Xcode/DerivedData/Frutella-cxztiokjqsugcqemwowfsbyxgjbe/Build/Products/Debug-iphonesimulator/PackageFrameworks -F /Users/azizbek/Library/Developer/Xcode/DerivedData/Frutella-cxztiokjqsugcqemwowfsbyxgjbe/Build/Products/Debug-iphonesimulator/PackageFrameworks -F /Users/azizbek/Library/Developer/Xcode/DerivedData/Frutella-cxztiokjqsugcqemwowfsbyxgjbe/Build/Products/Debug-iphonesimulator/PackageFrameworks -F /Users/azizbek/Library/Developer/Xcode/DerivedData/Frutella-cxztiokjqsugcqemwowfsbyxgjbe/Build/Products/Debug-iphonesimulator/PackageFrameworks -F /Users/azizbek/Library/Developer/Xcode/DerivedData/Frutella-cxztiokjqsugcqemwowfsbyxgjbe/Build/Products/Debug-iphonesimulator -emit-localized-strings -emit-localized-strings-path /Users/azizbek/Library/Developer/Xcode/DerivedData/Frutella-cxztiokjqsugcqemwowfsbyxgjbe/Build/Intermediates.noindex/Frutella.build/Debug-iphonesimulator/Frutella.build/Objects-normal/arm64 -c -j8 -enable-batch-mode -incremental -Xcc -ivfsstatcache -Xcc /Users/azizbek/Library/Developer/Xcode/DerivedData/SDKStatCaches.noindex/iphonesimulator26.2-23C57-7d00a8b37fbd7999ea79df8ebc024bf0.sdkstatcache -output-file-map /Users/azizbek/Library/Developer/Xcode/DerivedData/Frutella-cxztiokjqsugcqemwowfsbyxgjbe/Build/Intermediates.noindex/Frutella.build/Debug-iphonesimulator/Frutella.build/Objects-normal/arm64/Frutella-OutputFileMap.json -use-frontend-parseable-output -save-temps -no-color-diagnostics -explicit-module-build -module-cache-path /Users/azizbek/Library/Developer/Xcode/DerivedData/Frutella-cxztiokjqsugcqemwowfsbyxgjbe/Build/Intermediates.noindex/SwiftExplicitPrecompiledModules -clang-scanner-module-cache-path /Users/azizbek/Library/Developer/Xcode/DerivedData/ModuleCache.noindex -sdk-module-cache-path /Users/azizbek/Library/Developer/Xcode/DerivedData/ModuleCache.noindex -serialize-diagnostics -emit-dependencies -emit-module -emit-module-path /Users/azizbek/Library/Developer/Xcode/DerivedData/Frutella-cxztiokjqsugcqemwowfsbyxgjbe/Build/Intermediates.noindex/Frutella.build/Debug-iphonesimulator/Frutella.build/Objects-normal/arm64/Frutella.swiftmodule -validate-clang-modules-once -clang-build-session-file /Users/azizbek/Library/Developer/Xcode/DerivedData/ModuleCache.noindex/Session.modulevalidation -Xcc -I/Users/azizbek/Library/Developer/Xcode/DerivedData/Frutella-cxztiokjqsugcqemwowfsbyxgjbe/Build/Intermediates.noindex/Frutella.build/Debug-iphonesimulator/Frutella.build/swift-overrides.hmap -emit-const-values -Xfrontend -const-gather-protocols-file -Xfrontend /Users/azizbek/Library/Developer/Xcode/DerivedData/Frutella-cxztiokjqsugcqemwowfsbyxgjbe/Build/Intermediates.noindex/Frutella.build/Debug-iphonesimulator/Frutella.build/Objects-normal/arm64/Frutella_const_extract_protocols.json -Xcc -iquote -Xcc /Users/azizbek/Library/Developer/Xcode/DerivedData/Frutella-cxztiokjqsugcqemwowfsbyxgjbe/Build/Intermediates.noindex/Frutella.build/Debug-iphonesimulator/Frutella.build/Frutella-generated-files.hmap -Xcc -I/Users/azizbek/Library/Developer/Xcode/DerivedData/Frutella-cxztiokjqsugcqemwowfsbyxgjbe/Build/Intermediates.noindex/Frutella.build/Debug-iphonesimulator/Frutella.build/Frutella-own-target-headers.hmap -Xcc -I/Users/azizbek/Library/Developer/Xcode/DerivedData/Frutella-cxztiokjqsugcqemwowfsbyxgjbe/Build/Intermediates.noindex/Frutella.build/Debug-iphonesimulator/Frutella.build/Frutella-all-non-framework-target-headers.hmap -Xcc -ivfsoverlay -Xcc /Users/azizbek/Library/Developer/Xcode/DerivedData/Frutella-cxztiokjqsugcqemwowfsbyxgjbe/Build/Intermediates.noindex/Frutella.build/Debug-iphonesimulator/Frutella-67bf60668490a00972277f39be6dec87-VFS-iphonesimulator/all-product-headers.yaml -Xcc -iquote -Xcc /Users/azizbek/Library/Developer/Xcode/DerivedData/Frutella-cxztiokjqsugcqemwowfsbyxgjbe/Build/Intermediates.noindex/Frutella.build/Debug-iphonesimulator/Frutella.build/Frutella-project-headers.hmap -Xcc -I/Users/azizbek/Library/Developer/Xcode/DerivedData/Frutella-cxztiokjqsugcqemwowfsbyxgjbe/SourcePackages/checkouts/google-ads-on-device-conversion-ios-sdk/GoogleAdsOnDeviceConversionWrapper/include -Xcc -I/Users/azizbek/Library/Developer/Xcode/DerivedData/Frutella-cxztiokjqsugcqemwowfsbyxgjbe/SourcePackages/checkouts/GoogleAppMeasurement/GoogleAppMeasurementWrapper/include -Xcc -I/Users/azizbek/Library/Developer/Xcode/DerivedData/Frutella-cxztiokjqsugcqemwowfsbyxgjbe/SourcePackages/checkouts/GoogleUtilities/GoogleUtilities/MethodSwizzler/Public -Xcc -I/Users/azizbek/Library/Developer/Xcode/DerivedData/Frutella-cxztiokjqsugcqemwowfsbyxgjbe/SourcePackages/checkouts/firebase-ios-sdk/FirebaseAnalyticsWrapper/include -Xcc -I/Users/azizbek/Library/Developer/Xcode/DerivedData/Frutella-cxztiokjqsugcqemwowfsbyxgjbe/SourcePackages/checkouts/firebase-ios-sdk/SwiftPM-PlatformExclude/FirebaseAnalyticsWrap/include -Xcc -I/Users/azizbek/Library/Developer/Xcode/DerivedData/Frutella-cxztiokjqsugcqemwowfsbyxgjbe/SourcePackages/checkouts/promises/Sources/FBLPromises/include -Xcc -I/Users/azizbek/Library/Developer/Xcode/DerivedData/Frutella-cxztiokjqsugcqemwowfsbyxgjbe/SourcePackages/checkouts/GoogleUtilities/GoogleUtilities/UserDefaults/Public -Xcc -I/Users/azizbek/Library/Developer/Xcode/DerivedData/Frutella-cxztiokjqsugcqemwowfsbyxgjbe/SourcePackages/checkouts/GoogleUtilities/GoogleUtilities/Network/Public -Xcc -I/Users/azizbek/Library/Developer/Xcode/DerivedData/Frutella-cxztiokjqsugcqemwowfsbyxgjbe/SourcePackages/checkouts/GoogleUtilities/GoogleUtilities/NSData+zlib/Public -Xcc -I/Users/azizbek/Library/Developer/Xcode/DerivedData/Frutella-cxztiokjqsugcqemwowfsbyxgjbe/SourcePackages/checkouts/GoogleUtilities/GoogleUtilities/AppDelegateSwizzler/Public -Xcc -I/Users/azizbek/Library/Developer/Xcode/DerivedData/Frutella-cxztiokjqsugcqemwowfsbyxgjbe/SourcePackages/checkouts/GoogleUtilities/GoogleUtilities/Logger/Public -Xcc -I/Users/azizbek/Library/Developer/Xcode/DerivedData/Frutella-cxztiokjqsugcqemwowfsbyxgjbe/SourcePackages/checkouts/GoogleUtilities/GoogleUtilities/Environment/Public -Xcc -I/Users/azizbek/Library/Developer/Xcode/DerivedData/Frutella-cxztiokjqsugcqemwowfsbyxgjbe/SourcePackages/checkouts/GoogleUtilities/third_party/IsAppEncrypted/Public -Xcc -I/Users/azizbek/Library/Developer/Xcode/DerivedData/Frutella-cxztiokjqsugcqemwowfsbyxgjbe/SourcePackages/checkouts/GoogleUtilities/GoogleUtilities/Reachability/Public -Xcc -I/Users/azizbek/Library/Developer/Xcode/DerivedData/Frutella-cxztiokjqsugcqemwowfsbyxgjbe/SourcePackages/checkouts/GoogleDataTransport/GoogleDataTransport/GDTCORLibrary/Public -Xcc -I/Users/azizbek/Library/Developer/Xcode/DerivedData/Frutella-cxztiokjqsugcqemwowfsbyxgjbe/SourcePackages/checkouts/nanopb/spm_headers -Xcc -I/Users/azizbek/Library/Developer/Xcode/DerivedData/Frutella-cxztiokjqsugcqemwowfsbyxgjbe/SourcePackages/checkouts/firebase-ios-sdk/FirebaseInstallations/Source/Library/Public -Xcc -I/Users/azizbek/Library/Developer/Xcode/DerivedData/Frutella-cxztiokjqsugcqemwowfsbyxgjbe/SourcePackages/checkouts/firebase-ios-sdk/FirebaseCore/Sources/Public -Xcc -I/Users/azizbek/Library/Developer/Xcode/DerivedData/Frutella-cxztiokjqsugcqemwowfsbyxgjbe/SourcePackages/checkouts/firebase-ios-sdk/CoreOnly/Sources -Xcc -I/Users/azizbek/Library/Developer/Xcode/DerivedData/Frutella-cxztiokjqsugcqemwowfsbyxgjbe/SourcePackages/checkouts/firebase-ios-sdk/FirebaseMessaging/Sources/Public -Xcc -I/Users/azizbek/Library/Developer/Xcode/DerivedData/Frutella-cxztiokjqsugcqemwowfsbyxgjbe/Build/Products/Debug-iphonesimulator/include -Xcc -I/Users/azizbek/Library/Developer/Xcode/DerivedData/Frutella-cxztiokjqsugcqemwowfsbyxgjbe/Build/Intermediates.noindex/Frutella.build/Debug-iphonesimulator/Frutella.build/DerivedSources-normal/arm64 -Xcc -I/Users/azizbek/Library/Developer/Xcode/DerivedData/Frutella-cxztiokjqsugcqemwowfsbyxgjbe/Build/Intermediates.noindex/Frutella.build/Debug-iphonesimulator/Frutella.build/DerivedSources/arm64 -Xcc -I/Users/azizbek/Library/Developer/Xcode/DerivedData/Frutella-cxztiokjqsugcqemwowfsbyxgjbe/Build/Intermediates.noindex/Frutella.build/Debug-iphonesimulator/Frutella.build/DerivedSources -Xcc -DDEBUG\=1 -emit-objc-header -emit-objc-header-path /Users/azizbek/Library/Developer/Xcode/DerivedData/Frutella-cxztiokjqsugcqemwowfsbyxgjbe/Build/Intermediates.noindex/Frutella.build/Debug-iphonesimulator/Frutella.build/Objects-normal/arm64/Frutella-Swift.h -working-directory /Users/azizbek/Documents/Frutella/FARUTELLA/Mobile -experimental-emit-module-separately -disable-cmo
error: Build input files cannot be found: '/Users/azizbek/Documents/Frutella/FARUTELLA/Mobile/LocationManager.swift', '/Users/azizbek/Documents/Frutella/FARUTELLA/Mobile/SplashView.swift', '/Users/azizbek/Documents/Frutella/FARUTELLA/Mobile/AuthService.swift', '/Users/azizbek/Documents/Frutella/FARUTELLA/Mobile/ProductServiceProtocol.swift', '/Users/azizbek/Documents/Frutella/FARUTELLA/Mobile/ProductService.swift', '/Users/azizbek/Documents/Frutella/FARUTELLA/Mobile/OrderDeliveryActivityAttributes.swift', '/Users/azizbek/Documents/Frutella/FARUTELLA/Mobile/NotificationManagerProtocol.swift', '/Users/azizbek/Documents/Frutella/FARUTELLA/Mobile/NotificationManager.swift', '/Users/azizbek/Documents/Frutella/FARUTELLA/Mobile/LiveActivityManager.swift', '/Users/azizbek/Documents/Frutella/FARUTELLA/Mobile/DeliveryZoneChecker.swift', '/Users/azizbek/Documents/Frutella/FARUTELLA/Mobile/AuthServiceProtocol.swift', '/Users/azizbek/Documents/Frutella/FARUTELLA/Mobile/MainView.swift', '/Users/azizbek/Documents/Frutella/FARUTELLA/Mobile/FrutellaApp.swift', '/Users/azizbek/Documents/Frutella/FARUTELLA/Mobile/ContentView.swift', '/Users/azizbek/Documents/Frutella/FARUTELLA/Mobile/UserProfileView.swift', '/Users/azizbek/Documents/Frutella/FARUTELLA/Mobile/SettingsView.swift', '/Users/azizbek/Documents/Frutella/FARUTELLA/Mobile/ProfileSubscriptionCardView.swift', '/Users/azizbek/Documents/Frutella/FARUTELLA/Mobile/ProfileRowView.swift', '/Users/azizbek/Documents/Frutella/FARUTELLA/Mobile/ProfileMenuView.swift', '/Users/azizbek/Documents/Frutella/FARUTELLA/Mobile/ProfileGreetingHeaderView.swift', '/Users/azizbek/Documents/Frutella/FARUTELLA/Mobile/ProfileEditViewModel.swift', '/Users/azizbek/Documents/Frutella/FARUTELLA/Mobile/NewbieBannerView.swift', '/Users/azizbek/Documents/Frutella/FARUTELLA/Mobile/LoyaltyProgramView.swift', '/Users/azizbek/Documents/Frutella/FARUTELLA/Mobile/AddressesViewModel.swift', '/Users/azizbek/Documents/Frutella/FARUTELLA/Mobile/AddressesListView.swift', '/Users/azizbek/Documents/Frutella/FARUTELLA/Mobile/AddEditAddressView.swift', '/Users/azizbek/Documents/Frutella/FARUTELLA/Mobile/Theme.swift', '/Users/azizbek/Documents/Frutella/FARUTELLA/Mobile/TrackingView.swift', '/Users/azizbek/Documents/Frutella/FARUTELLA/Mobile/StoryFullScreenView.swift', '/Users/azizbek/Documents/Frutella/FARUTELLA/Mobile/StoriesListView.swift', '/Users/azizbek/Documents/Frutella/FARUTELLA/Mobile/StoreView.swift', '/Users/azizbek/Documents/Frutella/FARUTELLA/Mobile/SmartProductImage.swift', '/Users/azizbek/Documents/Frutella/FARUTELLA/Mobile/SearchBarView.swift', '/Users/azizbek/Documents/Frutella/FARUTELLA/Mobile/PromoBannerView.swift', '/Users/azizbek/Documents/Frutella/FARUTELLA/Mobile/ProductsListView.swift', '/Users/azizbek/Documents/Frutella/FARUTELLA/Mobile/ProductDetailView.swift', '/Users/azizbek/Documents/Frutella/FARUTELLA/Mobile/OrderSuccessView.swift', '/Users/azizbek/Documents/Frutella/FARUTELLA/Mobile/OrderHistoryView.swift', '/Users/azizbek/Documents/Frutella/FARUTELLA/Mobile/NotificationsView.swift', '/Users/azizbek/Documents/Frutella/FARUTELLA/Mobile/MapPickerView.swift', '/Users/azizbek/Documents/Frutella/FARUTELLA/Mobile/MainTabBarView.swift', '/Users/azizbek/Documents/Frutella/FARUTELLA/Mobile/HeaderView.swift', '/Users/azizbek/Documents/Frutella/FARUTELLA/Mobile/GreetingHeaderView.swift', '/Users/azizbek/Documents/Frutella/FARUTELLA/Mobile/FavoritesView.swift', '/Users/azizbek/Documents/Frutella/FARUTELLA/Mobile/CheckoutView.swift', '/Users/azizbek/Documents/Frutella/FARUTELLA/Mobile/ChatView.swift', '/Users/azizbek/Documents/Frutella/FARUTELLA/Mobile/CategoryRowView.swift', '/Users/azizbek/Documents/Frutella/FARUTELLA/Mobile/CartView.swift', '/Users/azizbek/Documents/Frutella/FARUTELLA/Mobile/TrackingViewModel.swift', '/Users/azizbek/Documents/Frutella/FARUTELLA/Mobile/ChatViewModel.swift', '/Users/azizbek/Documents/Frutella/FARUTELLA/Mobile/TrackingModels.swift', '/Users/azizbek/Documents/Frutella/FARUTELLA/Mobile/StoryModels.swift', '/Users/azizbek/Documents/Frutella/FARUTELLA/Mobile/OrderHistoryViewModel.swift', '/Users/azizbek/Documents/Frutella/FARUTELLA/Mobile/FavoritesViewModel.swift', '/Users/azizbek/Documents/Frutella/FARUTELLA/Mobile/CheckoutViewModel.swift', '/Users/azizbek/Documents/Frutella/FARUTELLA/Mobile/StoreViewModel.swift', '/Users/azizbek/Documents/Frutella/FARUTELLA/Mobile/ProductsListViewModel.swift', '/Users/azizbek/Documents/Frutella/FARUTELLA/Mobile/ProductUIModel.swift', '/Users/azizbek/Documents/Frutella/FARUTELLA/Mobile/CategoryUIModel.swift', '/Users/azizbek/Documents/Frutella/FARUTELLA/Mobile/CartViewModel.swift', '/Users/azizbek/Documents/Frutella/FARUTELLA/Mobile/CartItem.swift', '/Users/azizbek/Documents/Frutella/FARUTELLA/Mobile/BannerUIModel.swift', '/Users/azizbek/Documents/Frutella/FARUTELLA/Mobile/AppState.swift', '/Users/azizbek/Documents/Frutella/FARUTELLA/Mobile/SkeletonView.swift', '/Users/azizbek/Documents/Frutella/FARUTELLA/Mobile/OrderStatusProgressView.swift', '/Users/azizbek/Documents/Frutella/FARUTELLA/Mobile/NanoBananeCourierView.swift', '/Users/azizbek/Documents/Frutella/FARUTELLA/Mobile/OnboardingView.swift', '/Users/azizbek/Documents/Frutella/FARUTELLA/Mobile/OnboardingPage.swift', '/Users/azizbek/Documents/Frutella/FARUTELLA/Mobile/OnboardingItems.swift', '/Users/azizbek/Documents/Frutella/FARUTELLA/Mobile/OnboardingItem.swift', '/Users/azizbek/Documents/Frutella/FARUTELLA/Mobile/EditProfileView.swift', '/Users/azizbek/Documents/Frutella/FARUTELLA/Mobile/PriceTagView.swift', '/Users/azizbek/Documents/Frutella/FARUTELLA/Mobile/PaymentView.swift', '/Users/azizbek/Documents/Frutella/FARUTELLA/Mobile/GroceryCartView.swift', '/Users/azizbek/Documents/Frutella/FARUTELLA/Mobile/DeliveryBoxView.swift', '/Users/azizbek/Documents/Frutella/FARUTELLA/Mobile/SocketManager.swift', '/Users/azizbek/Documents/Frutella/FARUTELLA/Mobile/NetworkManagerProtocol.swift', '/Users/azizbek/Documents/Frutella/FARUTELLA/Mobile/NetworkManager.swift', '/Users/azizbek/Documents/Frutella/FARUTELLA/Mobile/NetworkInterceptor.swift', '/Users/azizbek/Documents/Frutella/FARUTELLA/Mobile/CartResponse.swift', '/Users/azizbek/Documents/Frutella/FARUTELLA/Mobile/APIEndpoint.swift', '/Users/azizbek/Documents/Frutella/FARUTELLA/Mobile/ReviewModels.swift', '/Users/azizbek/Documents/Frutella/FARUTELLA/Mobile/ProfileModels.swift', '/Users/azizbek/Documents/Frutella/FARUTELLA/Mobile/OrderModels.swift', '/Users/azizbek/Documents/Frutella/FARUTELLA/Mobile/FavoriteModels.swift', '/Users/azizbek/Documents/Frutella/FARUTELLA/Mobile/ChatMessage.swift', '/Users/azizbek/Documents/Frutella/FARUTELLA/Mobile/AddressModels.swift', '/Users/azizbek/Documents/Frutella/FARUTELLA/Mobile/APIModels.swift', '/Users/azizbek/Documents/Frutella/FARUTELLA/Mobile/LocalizationManagerProtocol.swift', '/Users/azizbek/Documents/Frutella/FARUTELLA/Mobile/LocalizationManager.swift', '/Users/azizbek/Documents/Frutella/FARUTELLA/Mobile/LanguageSettingsView.swift', '/Users/azizbek/Documents/Frutella/FARUTELLA/Mobile/LanguageSelectionView.swift', '/Users/azizbek/Documents/Frutella/FARUTELLA/Mobile/ LocalizationManager.swift', '/Users/azizbek/Documents/Frutella/FARUTELLA/Mobile/View+Shimmer.swift', '/Users/azizbek/Documents/Frutella/FARUTELLA/Mobile/DesignSystem.swift', '/Users/azizbek/Documents/Frutella/FARUTELLA/Mobile/DependencyContainer.swift', '/Users/azizbek/Documents/Frutella/FARUTELLA/Mobile/RegistrationViewModel.swift', '/Users/azizbek/Documents/Frutella/FARUTELLA/Mobile/RegistrationView.swift', '/Users/azizbek/Documents/Frutella/FARUTELLA/Mobile/RegistrationModel.swift', '/Users/azizbek/Documents/Frutella/FARUTELLA/Mobile/PhoneVerificationView.swift', '/Users/azizbek/Documents/Frutella/FARUTELLA/Mobile/PhoneVerificationModel.swift', '/Users/azizbek/Documents/Frutella/FARUTELLA/Mobile/OtpView.swift', '/Users/azizbek/Documents/Frutella/FARUTELLA/Mobile/OtpModel.swift', '/Users/azizbek/Documents/Frutella/FARUTELLA/Mobile/KeyboardViewButton.swift'. Did you forget to declare these files as outputs of any script phases or custom build rules which produce them? (in target 'Frutella' from project 'Frutella')

SwiftDriver\ Compilation Frutella normal arm64 com.apple.xcode.tools.swift.compiler (in target 'Frutella' from project 'Frutella')
    cd /Users/azizbek/Documents/Frutella/FARUTELLA/Mobile
    builtin-Swift-Compilation -- /Applications/Xcode.app/Contents/Developer/Toolchains/XcodeDefault.xctoolchain/usr/bin/swiftc -module-name Frutella -Onone -enforce-exclusivity\=checked @/Users/azizbek/Library/Developer/Xcode/DerivedData/Frutella-cxztiokjqsugcqemwowfsbyxgjbe/Build/Intermediates.noindex/Frutella.build/Debug-iphonesimulator/Frutella.build/Objects-normal/arm64/Frutella.SwiftFileList -DDEBUG -Xcc -fmodule-map-file\=/Users/azizbek/Library/Developer/Xcode/DerivedData/Frutella-cxztiokjqsugcqemwowfsbyxgjbe/Build/Intermediates.noindex/GeneratedModuleMaps-iphonesimulator/GoogleAdsOnDeviceConversionTarget.modulemap -Xcc -fmodule-map-file\=/Users/azizbek/Library/Developer/Xcode/DerivedData/Frutella-cxztiokjqsugcqemwowfsbyxgjbe/Build/Intermediates.noindex/GeneratedModuleMaps-iphonesimulator/GoogleAppMeasurementTarget.modulemap -Xcc -fmodule-map-file\=/Users/azizbek/Library/Developer/Xcode/DerivedData/Frutella-cxztiokjqsugcqemwowfsbyxgjbe/Build/Intermediates.noindex/GeneratedModuleMaps-iphonesimulator/GoogleUtilities-MethodSwizzler.modulemap -Xcc -fmodule-map-file\=/Users/azizbek/Library/Developer/Xcode/DerivedData/Frutella-cxztiokjqsugcqemwowfsbyxgjbe/Build/Intermediates.noindex/GeneratedModuleMaps-iphonesimulator/FirebaseAnalyticsWrapper.modulemap -Xcc -fmodule-map-file\=/Users/azizbek/Library/Developer/Xcode/DerivedData/Frutella-cxztiokjqsugcqemwowfsbyxgjbe/Build/Intermediates.noindex/GeneratedModuleMaps-iphonesimulator/FirebaseAnalyticsTarget.modulemap -Xcc -fmodule-map-file\=/Users/azizbek/Library/Developer/Xcode/DerivedData/Frutella-cxztiokjqsugcqemwowfsbyxgjbe/Build/Intermediates.noindex/GeneratedModuleMaps-iphonesimulator/GoogleUtilities-UserDefaults.modulemap -Xcc -fmodule-map-file\=/Users/azizbek/Library/Developer/Xcode/DerivedData/Frutella-cxztiokjqsugcqemwowfsbyxgjbe/Build/Intermediates.noindex/GeneratedModuleMaps-iphonesimulator/GoogleUtilities-Network.modulemap -Xcc -fmodule-map-file\=/Users/azizbek/Library/Developer/Xcode/DerivedData/Frutella-cxztiokjqsugcqemwowfsbyxgjbe/Build/Intermediates.noindex/GeneratedModuleMaps-iphonesimulator/GoogleUtilities-NSData.modulemap -Xcc -fmodule-map-file\=/Users/azizbek/Library/Developer/Xcode/DerivedData/Frutella-cxztiokjqsugcqemwowfsbyxgjbe/Build/Intermediates.noindex/GeneratedModuleMaps-iphonesimulator/GoogleUtilities-AppDelegateSwizzler.modulemap -Xcc -fmodule-map-file\=/Users/azizbek/Library/Developer/Xcode/DerivedData/Frutella-cxztiokjqsugcqemwowfsbyxgjbe/Build/Intermediates.noindex/GeneratedModuleMaps-iphonesimulator/GoogleUtilities-Logger.modulemap -Xcc -fmodule-map-file\=/Users/azizbek/Library/Developer/Xcode/DerivedData/Frutella-cxztiokjqsugcqemwowfsbyxgjbe/Build/Intermediates.noindex/GeneratedModuleMaps-iphonesimulator/GoogleUtilities-Environment.modulemap -Xcc -fmodule-map-file\=/Users/azizbek/Library/Developer/Xcode/DerivedData/Frutella-cxztiokjqsugcqemwowfsbyxgjbe/Build/Intermediates.noindex/GeneratedModuleMaps-iphonesimulator/third-party-IsAppEncrypted.modulemap -Xcc -fmodule-map-file\=/Users/azizbek/Library/Developer/Xcode/DerivedData/Frutella-cxztiokjqsugcqemwowfsbyxgjbe/Build/Intermediates.noindex/GeneratedModuleMaps-iphonesimulator/GoogleUtilities-Reachability.modulemap -Xcc -fmodule-map-file\=/Users/azizbek/Library/Developer/Xcode/DerivedData/Frutella-cxztiokjqsugcqemwowfsbyxgjbe/Build/Intermediates.noindex/GeneratedModuleMaps-iphonesimulator/GoogleDataTransport.modulemap -Xcc -fmodule-map-file\=/Users/azizbek/Library/Developer/Xcode/DerivedData/Frutella-cxztiokjqsugcqemwowfsbyxgjbe/Build/Intermediates.noindex/GeneratedModuleMaps-iphonesimulator/nanopb.modulemap -Xcc -fmodule-map-file\=/Users/azizbek/Library/Developer/Xcode/DerivedData/Frutella-cxztiokjqsugcqemwowfsbyxgjbe/Build/Intermediates.noindex/GeneratedModuleMaps-iphonesimulator/FirebaseInstallations.modulemap -Xcc -fmodule-map-file\=/Users/azizbek/Library/Developer/Xcode/DerivedData/Frutella-cxztiokjqsugcqemwowfsbyxgjbe/Build/Intermediates.noindex/GeneratedModuleMaps-iphonesimulator/FirebaseCore.modulemap -Xcc -fmodule-map-file\=/Users/azizbek/Library/Developer/Xcode/DerivedData/Frutella-cxztiokjqsugcqemwowfsbyxgjbe/Build/Intermediates.noindex/GeneratedModuleMaps-iphonesimulator/FirebaseMessaging.modulemap -default-isolation\=MainActor -enable-bare-slash-regex -enable-upcoming-feature DisableOutwardActorInference -enable-upcoming-feature InferSendableFromCaptures -enable-upcoming-feature GlobalActorIsolatedTypesUsability -enable-upcoming-feature MemberImportVisibility -enable-upcoming-feature InferIsolatedConformances -enable-upcoming-feature NonisolatedNonsendingByDefault -enable-experimental-feature DebugDescriptionMacro -sdk /Applications/Xcode.app/Contents/Developer/Platforms/iPhoneSimulator.platform/Developer/SDKs/iPhoneSimulator26.2.sdk -target arm64-apple-ios16.0-simulator -g -module-cache-path /Users/azizbek/Library/Developer/Xcode/DerivedData/ModuleCache.noindex -Xfrontend -serialize-debugging-options -enable-testing -index-store-path /Users/azizbek/Library/Developer/Xcode/DerivedData/Frutella-cxztiokjqsugcqemwowfsbyxgjbe/Index.noindex/DataStore -Xcc -D_LIBCPP_HARDENING_MODE\=_LIBCPP_HARDENING_MODE_DEBUG -swift-version 5 -I /Users/azizbek/Library/Developer/Xcode/DerivedData/Frutella-cxztiokjqsugcqemwowfsbyxgjbe/Build/Products/Debug-iphonesimulator -F /Users/azizbek/Library/Developer/Xcode/DerivedData/Frutella-cxztiokjqsugcqemwowfsbyxgjbe/Build/Products/Debug-iphonesimulator/PackageFrameworks -F /Users/azizbek/Library/Developer/Xcode/DerivedData/Frutella-cxztiokjqsugcqemwowfsbyxgjbe/Build/Products/Debug-iphonesimulator/PackageFrameworks -F /Users/azizbek/Library/Developer/Xcode/DerivedData/Frutella-cxztiokjqsugcqemwowfsbyxgjbe/Build/Products/Debug-iphonesimulator/PackageFrameworks -F /Users/azizbek/Library/Developer/Xcode/DerivedData/Frutella-cxztiokjqsugcqemwowfsbyxgjbe/Build/Products/Debug-iphonesimulator/PackageFrameworks -F /Users/azizbek/Library/Developer/Xcode/DerivedData/Frutella-cxztiokjqsugcqemwowfsbyxgjbe/Build/Products/Debug-iphonesimulator/PackageFrameworks -F /Users/azizbek/Library/Developer/Xcode/DerivedData/Frutella-cxztiokjqsugcqemwowfsbyxgjbe/Build/Products/Debug-iphonesimulator/PackageFrameworks -F /Users/azizbek/Library/Developer/Xcode/DerivedData/Frutella-cxztiokjqsugcqemwowfsbyxgjbe/Build/Products/Debug-iphonesimulator/PackageFrameworks -F /Users/azizbek/Library/Developer/Xcode/DerivedData/Frutella-cxztiokjqsugcqemwowfsbyxgjbe/Build/Products/Debug-iphonesimulator/PackageFrameworks -F /Users/azizbek/Library/Developer/Xcode/DerivedData/Frutella-cxztiokjqsugcqemwowfsbyxgjbe/Build/Products/Debug-iphonesimulator/PackageFrameworks -F /Users/azizbek/Library/Developer/Xcode/DerivedData/Frutella-cxztiokjqsugcqemwowfsbyxgjbe/Build/Products/Debug-iphonesimulator/PackageFrameworks -F /Users/azizbek/Library/Developer/Xcode/DerivedData/Frutella-cxztiokjqsugcqemwowfsbyxgjbe/Build/Products/Debug-iphonesimulator/PackageFrameworks -F /Users/azizbek/Library/Developer/Xcode/DerivedData/Frutella-cxztiokjqsugcqemwowfsbyxgjbe/Build/Products/Debug-iphonesimulator/PackageFrameworks -F /Users/azizbek/Library/Developer/Xcode/DerivedData/Frutella-cxztiokjqsugcqemwowfsbyxgjbe/Build/Products/Debug-iphonesimulator/PackageFrameworks -F /Users/azizbek/Library/Developer/Xcode/DerivedData/Frutella-cxztiokjqsugcqemwowfsbyxgjbe/Build/Products/Debug-iphonesimulator/PackageFrameworks -F /Users/azizbek/Library/Developer/Xcode/DerivedData/Frutella-cxztiokjqsugcqemwowfsbyxgjbe/Build/Products/Debug-iphonesimulator/PackageFrameworks -F /Users/azizbek/Library/Developer/Xcode/DerivedData/Frutella-cxztiokjqsugcqemwowfsbyxgjbe/Build/Products/Debug-iphonesimulator/PackageFrameworks -F /Users/azizbek/Library/Developer/Xcode/DerivedData/Frutella-cxztiokjqsugcqemwowfsbyxgjbe/Build/Products/Debug-iphonesimulator/PackageFrameworks -F /Users/azizbek/Library/Developer/Xcode/DerivedData/Frutella-cxztiokjqsugcqemwowfsbyxgjbe/Build/Products/Debug-iphonesimulator/PackageFrameworks -F /Users/azizbek/Library/Developer/Xcode/DerivedData/Frutella-cxztiokjqsugcqemwowfsbyxgjbe/Build/Products/Debug-iphonesimulator/PackageFrameworks -F /Users/azizbek/Library/Developer/Xcode/DerivedData/Frutella-cxztiokjqsugcqemwowfsbyxgjbe/Build/Products/Debug-iphonesimulator/PackageFrameworks -F /Users/azizbek/Library/Developer/Xcode/DerivedData/Frutella-cxztiokjqsugcqemwowfsbyxgjbe/Build/Products/Debug-iphonesimulator/PackageFrameworks -F /Users/azizbek/Library/Developer/Xcode/DerivedData/Frutella-cxztiokjqsugcqemwowfsbyxgjbe/Build/Products/Debug-iphonesimulator -emit-localized-strings -emit-localized-strings-path /Users/azizbek/Library/Developer/Xcode/DerivedData/Frutella-cxztiokjqsugcqemwowfsbyxgjbe/Build/Intermediates.noindex/Frutella.build/Debug-iphonesimulator/Frutella.build/Objects-normal/arm64 -c -j8 -enable-batch-mode -incremental -Xcc -ivfsstatcache -Xcc /Users/azizbek/Library/Developer/Xcode/DerivedData/SDKStatCaches.noindex/iphonesimulator26.2-23C57-7d00a8b37fbd7999ea79df8ebc024bf0.sdkstatcache -output-file-map /Users/azizbek/Library/Developer/Xcode/DerivedData/Frutella-cxztiokjqsugcqemwowfsbyxgjbe/Build/Intermediates.noindex/Frutella.build/Debug-iphonesimulator/Frutella.build/Objects-normal/arm64/Frutella-OutputFileMap.json -use-frontend-parseable-output -save-temps -no-color-diagnostics -explicit-module-build -module-cache-path /Users/azizbek/Library/Developer/Xcode/DerivedData/Frutella-cxztiokjqsugcqemwowfsbyxgjbe/Build/Intermediates.noindex/SwiftExplicitPrecompiledModules -clang-scanner-module-cache-path /Users/azizbek/Library/Developer/Xcode/DerivedData/ModuleCache.noindex -sdk-module-cache-path /Users/azizbek/Library/Developer/Xcode/DerivedData/ModuleCache.noindex -serialize-diagnostics -emit-dependencies -emit-module -emit-module-path /Users/azizbek/Library/Developer/Xcode/DerivedData/Frutella-cxztiokjqsugcqemwowfsbyxgjbe/Build/Intermediates.noindex/Frutella.build/Debug-iphonesimulator/Frutella.build/Objects-normal/arm64/Frutella.swiftmodule -validate-clang-modules-once -clang-build-session-file /Users/azizbek/Library/Developer/Xcode/DerivedData/ModuleCache.noindex/Session.modulevalidation -Xcc -I/Users/azizbek/Library/Developer/Xcode/DerivedData/Frutella-cxztiokjqsugcqemwowfsbyxgjbe/Build/Intermediates.noindex/Frutella.build/Debug-iphonesimulator/Frutella.build/swift-overrides.hmap -emit-const-values -Xfrontend -const-gather-protocols-file -Xfrontend /Users/azizbek/Library/Developer/Xcode/DerivedData/Frutella-cxztiokjqsugcqemwowfsbyxgjbe/Build/Intermediates.noindex/Frutella.build/Debug-iphonesimulator/Frutella.build/Objects-normal/arm64/Frutella_const_extract_protocols.json -Xcc -iquote -Xcc /Users/azizbek/Library/Developer/Xcode/DerivedData/Frutella-cxztiokjqsugcqemwowfsbyxgjbe/Build/Intermediates.noindex/Frutella.build/Debug-iphonesimulator/Frutella.build/Frutella-generated-files.hmap -Xcc -I/Users/azizbek/Library/Developer/Xcode/DerivedData/Frutella-cxztiokjqsugcqemwowfsbyxgjbe/Build/Intermediates.noindex/Frutella.build/Debug-iphonesimulator/Frutella.build/Frutella-own-target-headers.hmap -Xcc -I/Users/azizbek/Library/Developer/Xcode/DerivedData/Frutella-cxztiokjqsugcqemwowfsbyxgjbe/Build/Intermediates.noindex/Frutella.build/Debug-iphonesimulator/Frutella.build/Frutella-all-non-framework-target-headers.hmap -Xcc -ivfsoverlay -Xcc /Users/azizbek/Library/Developer/Xcode/DerivedData/Frutella-cxztiokjqsugcqemwowfsbyxgjbe/Build/Intermediates.noindex/Frutella.build/Debug-iphonesimulator/Frutella-67bf60668490a00972277f39be6dec87-VFS-iphonesimulator/all-product-headers.yaml -Xcc -iquote -Xcc /Users/azizbek/Library/Developer/Xcode/DerivedData/Frutella-cxztiokjqsugcqemwowfsbyxgjbe/Build/Intermediates.noindex/Frutella.build/Debug-iphonesimulator/Frutella.build/Frutella-project-headers.hmap -Xcc -I/Users/azizbek/Library/Developer/Xcode/DerivedData/Frutella-cxztiokjqsugcqemwowfsbyxgjbe/SourcePackages/checkouts/google-ads-on-device-conversion-ios-sdk/GoogleAdsOnDeviceConversionWrapper/include -Xcc -I/Users/azizbek/Library/Developer/Xcode/DerivedData/Frutella-cxztiokjqsugcqemwowfsbyxgjbe/SourcePackages/checkouts/GoogleAppMeasurement/GoogleAppMeasurementWrapper/include -Xcc -I/Users/azizbek/Library/Developer/Xcode/DerivedData/Frutella-cxztiokjqsugcqemwowfsbyxgjbe/SourcePackages/checkouts/GoogleUtilities/GoogleUtilities/MethodSwizzler/Public -Xcc -I/Users/azizbek/Library/Developer/Xcode/DerivedData/Frutella-cxztiokjqsugcqemwowfsbyxgjbe/SourcePackages/checkouts/firebase-ios-sdk/FirebaseAnalyticsWrapper/include -Xcc -I/Users/azizbek/Library/Developer/Xcode/DerivedData/Frutella-cxztiokjqsugcqemwowfsbyxgjbe/SourcePackages/checkouts/firebase-ios-sdk/SwiftPM-PlatformExclude/FirebaseAnalyticsWrap/include -Xcc -I/Users/azizbek/Library/Developer/Xcode/DerivedData/Frutella-cxztiokjqsugcqemwowfsbyxgjbe/SourcePackages/checkouts/promises/Sources/FBLPromises/include -Xcc -I/Users/azizbek/Library/Developer/Xcode/DerivedData/Frutella-cxztiokjqsugcqemwowfsbyxgjbe/SourcePackages/checkouts/GoogleUtilities/GoogleUtilities/UserDefaults/Public -Xcc -I/Users/azizbek/Library/Developer/Xcode/DerivedData/Frutella-cxztiokjqsugcqemwowfsbyxgjbe/SourcePackages/checkouts/GoogleUtilities/GoogleUtilities/Network/Public -Xcc -I/Users/azizbek/Library/Developer/Xcode/DerivedData/Frutella-cxztiokjqsugcqemwowfsbyxgjbe/SourcePackages/checkouts/GoogleUtilities/GoogleUtilities/NSData+zlib/Public -Xcc -I/Users/azizbek/Library/Developer/Xcode/DerivedData/Frutella-cxztiokjqsugcqemwowfsbyxgjbe/SourcePackages/checkouts/GoogleUtilities/GoogleUtilities/AppDelegateSwizzler/Public -Xcc -I/Users/azizbek/Library/Developer/Xcode/DerivedData/Frutella-cxztiokjqsugcqemwowfsbyxgjbe/SourcePackages/checkouts/GoogleUtilities/GoogleUtilities/Logger/Public -Xcc -I/Users/azizbek/Library/Developer/Xcode/DerivedData/Frutella-cxztiokjqsugcqemwowfsbyxgjbe/SourcePackages/checkouts/GoogleUtilities/GoogleUtilities/Environment/Public -Xcc -I/Users/azizbek/Library/Developer/Xcode/DerivedData/Frutella-cxztiokjqsugcqemwowfsbyxgjbe/SourcePackages/checkouts/GoogleUtilities/third_party/IsAppEncrypted/Public -Xcc -I/Users/azizbek/Library/Developer/Xcode/DerivedData/Frutella-cxztiokjqsugcqemwowfsbyxgjbe/SourcePackages/checkouts/GoogleUtilities/GoogleUtilities/Reachability/Public -Xcc -I/Users/azizbek/Library/Developer/Xcode/DerivedData/Frutella-cxztiokjqsugcqemwowfsbyxgjbe/SourcePackages/checkouts/GoogleDataTransport/GoogleDataTransport/GDTCORLibrary/Public -Xcc -I/Users/azizbek/Library/Developer/Xcode/DerivedData/Frutella-cxztiokjqsugcqemwowfsbyxgjbe/SourcePackages/checkouts/nanopb/spm_headers -Xcc -I/Users/azizbek/Library/Developer/Xcode/DerivedData/Frutella-cxztiokjqsugcqemwowfsbyxgjbe/SourcePackages/checkouts/firebase-ios-sdk/FirebaseInstallations/Source/Library/Public -Xcc -I/Users/azizbek/Library/Developer/Xcode/DerivedData/Frutella-cxztiokjqsugcqemwowfsbyxgjbe/SourcePackages/checkouts/firebase-ios-sdk/FirebaseCore/Sources/Public -Xcc -I/Users/azizbek/Library/Developer/Xcode/DerivedData/Frutella-cxztiokjqsugcqemwowfsbyxgjbe/SourcePackages/checkouts/firebase-ios-sdk/CoreOnly/Sources -Xcc -I/Users/azizbek/Library/Developer/Xcode/DerivedData/Frutella-cxztiokjqsugcqemwowfsbyxgjbe/SourcePackages/checkouts/firebase-ios-sdk/FirebaseMessaging/Sources/Public -Xcc -I/Users/azizbek/Library/Developer/Xcode/DerivedData/Frutella-cxztiokjqsugcqemwowfsbyxgjbe/Build/Products/Debug-iphonesimulator/include -Xcc -I/Users/azizbek/Library/Developer/Xcode/DerivedData/Frutella-cxztiokjqsugcqemwowfsbyxgjbe/Build/Intermediates.noindex/Frutella.build/Debug-iphonesimulator/Frutella.build/DerivedSources-normal/arm64 -Xcc -I/Users/azizbek/Library/Developer/Xcode/DerivedData/Frutella-cxztiokjqsugcqemwowfsbyxgjbe/Build/Intermediates.noindex/Frutella.build/Debug-iphonesimulator/Frutella.build/DerivedSources/arm64 -Xcc -I/Users/azizbek/Library/Developer/Xcode/DerivedData/Frutella-cxztiokjqsugcqemwowfsbyxgjbe/Build/Intermediates.noindex/Frutella.build/Debug-iphonesimulator/Frutella.build/DerivedSources -Xcc -DDEBUG\=1 -emit-objc-header -emit-objc-header-path /Users/azizbek/Library/Developer/Xcode/DerivedData/Frutella-cxztiokjqsugcqemwowfsbyxgjbe/Build/Intermediates.noindex/Frutella.build/Debug-iphonesimulator/Frutella.build/Objects-normal/arm64/Frutella-Swift.h -working-directory /Users/azizbek/Documents/Frutella/FARUTELLA/Mobile -experimental-emit-module-separately -disable-cmo
error: Build input files cannot be found: '/Users/azizbek/Documents/Frutella/FARUTELLA/Mobile/LocationManager.swift', '/Users/azizbek/Documents/Frutella/FARUTELLA/Mobile/SplashView.swift', '/Users/azizbek/Documents/Frutella/FARUTELLA/Mobile/AuthService.swift', '/Users/azizbek/Documents/Frutella/FARUTELLA/Mobile/ProductServiceProtocol.swift', '/Users/azizbek/Documents/Frutella/FARUTELLA/Mobile/ProductService.swift', '/Users/azizbek/Documents/Frutella/FARUTELLA/Mobile/OrderDeliveryActivityAttributes.swift', '/Users/azizbek/Documents/Frutella/FARUTELLA/Mobile/NotificationManagerProtocol.swift', '/Users/azizbek/Documents/Frutella/FARUTELLA/Mobile/NotificationManager.swift', '/Users/azizbek/Documents/Frutella/FARUTELLA/Mobile/LiveActivityManager.swift', '/Users/azizbek/Documents/Frutella/FARUTELLA/Mobile/DeliveryZoneChecker.swift', '/Users/azizbek/Documents/Frutella/FARUTELLA/Mobile/AuthServiceProtocol.swift', '/Users/azizbek/Documents/Frutella/FARUTELLA/Mobile/MainView.swift', '/Users/azizbek/Documents/Frutella/FARUTELLA/Mobile/FrutellaApp.swift', '/Users/azizbek/Documents/Frutella/FARUTELLA/Mobile/ContentView.swift', '/Users/azizbek/Documents/Frutella/FARUTELLA/Mobile/UserProfileView.swift', '/Users/azizbek/Documents/Frutella/FARUTELLA/Mobile/SettingsView.swift', '/Users/azizbek/Documents/Frutella/FARUTELLA/Mobile/ProfileSubscriptionCardView.swift', '/Users/azizbek/Documents/Frutella/FARUTELLA/Mobile/ProfileRowView.swift', '/Users/azizbek/Documents/Frutella/FARUTELLA/Mobile/ProfileMenuView.swift', '/Users/azizbek/Documents/Frutella/FARUTELLA/Mobile/ProfileGreetingHeaderView.swift', '/Users/azizbek/Documents/Frutella/FARUTELLA/Mobile/ProfileEditViewModel.swift', '/Users/azizbek/Documents/Frutella/FARUTELLA/Mobile/NewbieBannerView.swift', '/Users/azizbek/Documents/Frutella/FARUTELLA/Mobile/LoyaltyProgramView.swift', '/Users/azizbek/Documents/Frutella/FARUTELLA/Mobile/AddressesViewModel.swift', '/Users/azizbek/Documents/Frutella/FARUTELLA/Mobile/AddressesListView.swift', '/Users/azizbek/Documents/Frutella/FARUTELLA/Mobile/AddEditAddressView.swift', '/Users/azizbek/Documents/Frutella/FARUTELLA/Mobile/Theme.swift', '/Users/azizbek/Documents/Frutella/FARUTELLA/Mobile/TrackingView.swift', '/Users/azizbek/Documents/Frutella/FARUTELLA/Mobile/StoryFullScreenView.swift', '/Users/azizbek/Documents/Frutella/FARUTELLA/Mobile/StoriesListView.swift', '/Users/azizbek/Documents/Frutella/FARUTELLA/Mobile/StoreView.swift', '/Users/azizbek/Documents/Frutella/FARUTELLA/Mobile/SmartProductImage.swift', '/Users/azizbek/Documents/Frutella/FARUTELLA/Mobile/SearchBarView.swift', '/Users/azizbek/Documents/Frutella/FARUTELLA/Mobile/PromoBannerView.swift', '/Users/azizbek/Documents/Frutella/FARUTELLA/Mobile/ProductsListView.swift', '/Users/azizbek/Documents/Frutella/FARUTELLA/Mobile/ProductDetailView.swift', '/Users/azizbek/Documents/Frutella/FARUTELLA/Mobile/OrderSuccessView.swift', '/Users/azizbek/Documents/Frutella/FARUTELLA/Mobile/OrderHistoryView.swift', '/Users/azizbek/Documents/Frutella/FARUTELLA/Mobile/NotificationsView.swift', '/Users/azizbek/Documents/Frutella/FARUTELLA/Mobile/MapPickerView.swift', '/Users/azizbek/Documents/Frutella/FARUTELLA/Mobile/MainTabBarView.swift', '/Users/azizbek/Documents/Frutella/FARUTELLA/Mobile/HeaderView.swift', '/Users/azizbek/Documents/Frutella/FARUTELLA/Mobile/GreetingHeaderView.swift', '/Users/azizbek/Documents/Frutella/FARUTELLA/Mobile/FavoritesView.swift', '/Users/azizbek/Documents/Frutella/FARUTELLA/Mobile/CheckoutView.swift', '/Users/azizbek/Documents/Frutella/FARUTELLA/Mobile/ChatView.swift', '/Users/azizbek/Documents/Frutella/FARUTELLA/Mobile/CategoryRowView.swift', '/Users/azizbek/Documents/Frutella/FARUTELLA/Mobile/CartView.swift', '/Users/azizbek/Documents/Frutella/FARUTELLA/Mobile/TrackingViewModel.swift', '/Users/azizbek/Documents/Frutella/FARUTELLA/Mobile/ChatViewModel.swift', '/Users/azizbek/Documents/Frutella/FARUTELLA/Mobile/TrackingModels.swift', '/Users/azizbek/Documents/Frutella/FARUTELLA/Mobile/StoryModels.swift', '/Users/azizbek/Documents/Frutella/FARUTELLA/Mobile/OrderHistoryViewModel.swift', '/Users/azizbek/Documents/Frutella/FARUTELLA/Mobile/FavoritesViewModel.swift', '/Users/azizbek/Documents/Frutella/FARUTELLA/Mobile/CheckoutViewModel.swift', '/Users/azizbek/Documents/Frutella/FARUTELLA/Mobile/StoreViewModel.swift', '/Users/azizbek/Documents/Frutella/FARUTELLA/Mobile/ProductsListViewModel.swift', '/Users/azizbek/Documents/Frutella/FARUTELLA/Mobile/ProductUIModel.swift', '/Users/azizbek/Documents/Frutella/FARUTELLA/Mobile/CategoryUIModel.swift', '/Users/azizbek/Documents/Frutella/FARUTELLA/Mobile/CartViewModel.swift', '/Users/azizbek/Documents/Frutella/FARUTELLA/Mobile/CartItem.swift', '/Users/azizbek/Documents/Frutella/FARUTELLA/Mobile/BannerUIModel.swift', '/Users/azizbek/Documents/Frutella/FARUTELLA/Mobile/AppState.swift', '/Users/azizbek/Documents/Frutella/FARUTELLA/Mobile/SkeletonView.swift', '/Users/azizbek/Documents/Frutella/FARUTELLA/Mobile/OrderStatusProgressView.swift', '/Users/azizbek/Documents/Frutella/FARUTELLA/Mobile/NanoBananeCourierView.swift', '/Users/azizbek/Documents/Frutella/FARUTELLA/Mobile/OnboardingView.swift', '/Users/azizbek/Documents/Frutella/FARUTELLA/Mobile/OnboardingPage.swift', '/Users/azizbek/Documents/Frutella/FARUTELLA/Mobile/OnboardingItems.swift', '/Users/azizbek/Documents/Frutella/FARUTELLA/Mobile/OnboardingItem.swift', '/Users/azizbek/Documents/Frutella/FARUTELLA/Mobile/EditProfileView.swift', '/Users/azizbek/Documents/Frutella/FARUTELLA/Mobile/PriceTagView.swift', '/Users/azizbek/Documents/Frutella/FARUTELLA/Mobile/PaymentView.swift', '/Users/azizbek/Documents/Frutella/FARUTELLA/Mobile/GroceryCartView.swift', '/Users/azizbek/Documents/Frutella/FARUTELLA/Mobile/DeliveryBoxView.swift', '/Users/azizbek/Documents/Frutella/FARUTELLA/Mobile/SocketManager.swift', '/Users/azizbek/Documents/Frutella/FARUTELLA/Mobile/NetworkManagerProtocol.swift', '/Users/azizbek/Documents/Frutella/FARUTELLA/Mobile/NetworkManager.swift', '/Users/azizbek/Documents/Frutella/FARUTELLA/Mobile/NetworkInterceptor.swift', '/Users/azizbek/Documents/Frutella/FARUTELLA/Mobile/CartResponse.swift', '/Users/azizbek/Documents/Frutella/FARUTELLA/Mobile/APIEndpoint.swift', '/Users/azizbek/Documents/Frutella/FARUTELLA/Mobile/ReviewModels.swift', '/Users/azizbek/Documents/Frutella/FARUTELLA/Mobile/ProfileModels.swift', '/Users/azizbek/Documents/Frutella/FARUTELLA/Mobile/OrderModels.swift', '/Users/azizbek/Documents/Frutella/FARUTELLA/Mobile/FavoriteModels.swift', '/Users/azizbek/Documents/Frutella/FARUTELLA/Mobile/ChatMessage.swift', '/Users/azizbek/Documents/Frutella/FARUTELLA/Mobile/AddressModels.swift', '/Users/azizbek/Documents/Frutella/FARUTELLA/Mobile/APIModels.swift', '/Users/azizbek/Documents/Frutella/FARUTELLA/Mobile/LocalizationManagerProtocol.swift', '/Users/azizbek/Documents/Frutella/FARUTELLA/Mobile/LocalizationManager.swift', '/Users/azizbek/Documents/Frutella/FARUTELLA/Mobile/LanguageSettingsView.swift', '/Users/azizbek/Documents/Frutella/FARUTELLA/Mobile/LanguageSelectionView.swift', '/Users/azizbek/Documents/Frutella/FARUTELLA/Mobile/ LocalizationManager.swift', '/Users/azizbek/Documents/Frutella/FARUTELLA/Mobile/View+Shimmer.swift', '/Users/azizbek/Documents/Frutella/FARUTELLA/Mobile/DesignSystem.swift', '/Users/azizbek/Documents/Frutella/FARUTELLA/Mobile/DependencyContainer.swift', '/Users/azizbek/Documents/Frutella/FARUTELLA/Mobile/RegistrationViewModel.swift', '/Users/azizbek/Documents/Frutella/FARUTELLA/Mobile/RegistrationView.swift', '/Users/azizbek/Documents/Frutella/FARUTELLA/Mobile/RegistrationModel.swift', '/Users/azizbek/Documents/Frutella/FARUTELLA/Mobile/PhoneVerificationView.swift', '/Users/azizbek/Documents/Frutella/FARUTELLA/Mobile/PhoneVerificationModel.swift', '/Users/azizbek/Documents/Frutella/FARUTELLA/Mobile/OtpView.swift', '/Users/azizbek/Documents/Frutella/FARUTELLA/Mobile/OtpModel.swift', '/Users/azizbek/Documents/Frutella/FARUTELLA/Mobile/KeyboardViewButton.swift'. Did you forget to declare these files as outputs of any script phases or custom build rules which produce them? (in target 'Frutella' from project 'Frutella')

CompileAssetCatalogVariant thinned /Users/azizbek/Library/Developer/Xcode/DerivedData/Frutella-cxztiokjqsugcqemwowfsbyxgjbe/Build/Products/Debug-iphonesimulator/Frutella.app /Users/azizbek/Documents/Frutella/FARUTELLA/Mobile/Assets.xcassets (in target 'Frutella' from project 'Frutella')
    cd /Users/azizbek/Documents/Frutella/FARUTELLA/Mobile
    /Applications/Xcode.app/Contents/Developer/usr/bin/actool /Users/azizbek/Documents/Frutella/FARUTELLA/Mobile/Assets.xcassets --compile /Users/azizbek/Library/Developer/Xcode/DerivedData/Frutella-cxztiokjqsugcqemwowfsbyxgjbe/Build/Intermediates.noindex/Frutella.build/Debug-iphonesimulator/Frutella.build/assetcatalog_output/thinned --output-format human-readable-text --notices --warnings --export-dependency-info /Users/azizbek/Library/Developer/Xcode/DerivedData/Frutella-cxztiokjqsugcqemwowfsbyxgjbe/Build/Intermediates.noindex/Frutella.build/Debug-iphonesimulator/Frutella.build/assetcatalog_dependencies_thinned --output-partial-info-plist /Users/azizbek/Library/Developer/Xcode/DerivedData/Frutella-cxztiokjqsugcqemwowfsbyxgjbe/Build/Intermediates.noindex/Frutella.build/Debug-iphonesimulator/Frutella.build/assetcatalog_generated_info.plist_thinned --app-icon AppIcon --accent-color AccentColor --compress-pngs --enable-on-demand-resources YES --filter-for-thinning-device-configuration iPhone18,1 --filter-for-device-os-version 26.2 --development-region en --target-device iphone --target-device ipad --minimum-deployment-target 16.0 --platform iphonesimulator

** BUILD FAILED **


The following build commands failed:
	SwiftDriver\ Compilation\ Requirements Frutella normal arm64 com.apple.xcode.tools.swift.compiler (in target 'Frutella' from project 'Frutella')
	SwiftDriver\ Compilation Frutella normal arm64 com.apple.xcode.tools.swift.compiler (in target 'Frutella' from project 'Frutella')
	Building project Frutella with scheme Frutella
(3 failures)
